<?xml version="1.0" encoding="ISO-8859-1" ?>
<link_info>
   <banner>TI ARM Linker PC v20.2.7.LTS</banner>
   <copyright>Copyright (c) 1996-2018 Texas Instruments Incorporated</copyright>
   <link_time>0x646f0f9f</link_time>
   <link_errors>0x0</link_errors>
   <output_file>Delivery_Car2_0.out</output_file>
   <entry_point>
      <name>_c_int00_noargs</name>
      <address>0x1935</address>
   </entry_point>
   <input_file_list>
      <input_file id="fl-2">
         <path>.\</path>
         <kind>object</kind>
         <file>main.obj</file>
         <name>main.obj</name>
      </input_file>
      <input_file id="fl-3">
         <path>.\</path>
         <kind>object</kind>
         <file>tm4c123gh6pm_startup_ccs.obj</file>
         <name>tm4c123gh6pm_startup_ccs.obj</name>
      </input_file>
      <input_file id="fl-4">
         <path>.\</path>
         <kind>object</kind>
         <file>uartstdio.obj</file>
         <name>uartstdio.obj</name>
      </input_file>
      <input_file id="fl-9">
         <kind>object</kind>
         <file>&lt;internal&gt;</file>
         <name>&lt;internal&gt;</name>
      </input_file>
      <input_file id="fl-bf">
         <path>D:\TivaC\CCS\CCS12.3.0.00005_win64\ccs\tools\compiler\ti-cgt-arm_20.2.7.LTS\lib\</path>
         <kind>archive</kind>
         <file>rtsv7M4_T_le_v4SPD16_eabi.lib</file>
         <name>fd_div_t2.asm.obj</name>
      </input_file>
      <input_file id="fl-c0">
         <path>D:\TivaC\CCS\CCS12.3.0.00005_win64\ccs\tools\compiler\ti-cgt-arm_20.2.7.LTS\lib\</path>
         <kind>archive</kind>
         <file>rtsv7M4_T_le_v4SPD16_eabi.lib</file>
         <name>fd_mul_t2.asm.obj</name>
      </input_file>
      <input_file id="fl-c1">
         <path>D:\TivaC\CCS\CCS12.3.0.00005_win64\ccs\tools\compiler\ti-cgt-arm_20.2.7.LTS\lib\</path>
         <kind>archive</kind>
         <file>rtsv7M4_T_le_v4SPD16_eabi.lib</file>
         <name>fd_tos_t2.asm.obj</name>
      </input_file>
      <input_file id="fl-c2">
         <path>D:\TivaC\CCS\CCS12.3.0.00005_win64\ccs\tools\compiler\ti-cgt-arm_20.2.7.LTS\lib\</path>
         <kind>archive</kind>
         <file>rtsv7M4_T_le_v4SPD16_eabi.lib</file>
         <name>fd_tou_t2.asm.obj</name>
      </input_file>
      <input_file id="fl-c3">
         <path>D:\TivaC\CCS\CCS12.3.0.00005_win64\ccs\tools\compiler\ti-cgt-arm_20.2.7.LTS\lib\</path>
         <kind>archive</kind>
         <file>rtsv7M4_T_le_v4SPD16_eabi.lib</file>
         <name>fs_tod_t2.asm.obj</name>
      </input_file>
      <input_file id="fl-c4">
         <path>D:\TivaC\CCS\CCS12.3.0.00005_win64\ccs\tools\compiler\ti-cgt-arm_20.2.7.LTS\lib\</path>
         <kind>archive</kind>
         <file>rtsv7M4_T_le_v4SPD16_eabi.lib</file>
         <name>u_tofd_t2.asm.obj</name>
      </input_file>
      <input_file id="fl-c5">
         <path>D:\TivaC\CCS\CCS12.3.0.00005_win64\ccs\tools\compiler\ti-cgt-arm_20.2.7.LTS\lib\</path>
         <kind>archive</kind>
         <file>rtsv7M4_T_le_v4SPD16_eabi.lib</file>
         <name>u_divt2.asm.obj</name>
      </input_file>
      <input_file id="fl-c6">
         <path>D:\TivaC\CCS\CCS12.3.0.00005_win64\ccs\tools\compiler\ti-cgt-arm_20.2.7.LTS\lib\</path>
         <kind>archive</kind>
         <file>rtsv7M4_T_le_v4SPD16_eabi.lib</file>
         <name>copy_zero_init.c.obj</name>
      </input_file>
      <input_file id="fl-c7">
         <path>D:\TivaC\CCS\CCS12.3.0.00005_win64\ccs\tools\compiler\ti-cgt-arm_20.2.7.LTS\lib\</path>
         <kind>archive</kind>
         <file>rtsv7M4_T_le_v4SPD16_eabi.lib</file>
         <name>copy_decompress_none.c.obj</name>
      </input_file>
      <input_file id="fl-c8">
         <path>D:\TivaC\CCS\CCS12.3.0.00005_win64\ccs\tools\compiler\ti-cgt-arm_20.2.7.LTS\lib\</path>
         <kind>archive</kind>
         <file>rtsv7M4_T_le_v4SPD16_eabi.lib</file>
         <name>copy_decompress_lzss.c.obj</name>
      </input_file>
      <input_file id="fl-c9">
         <path>D:\TivaC\CCS\CCS12.3.0.00005_win64\ccs\tools\compiler\ti-cgt-arm_20.2.7.LTS\lib\</path>
         <kind>archive</kind>
         <file>rtsv7M4_T_le_v4SPD16_eabi.lib</file>
         <name>boot_cortex_m.c.obj</name>
      </input_file>
      <input_file id="fl-ca">
         <path>D:\TivaC\CCS\CCS12.3.0.00005_win64\ccs\tools\compiler\ti-cgt-arm_20.2.7.LTS\lib\</path>
         <kind>archive</kind>
         <file>rtsv7M4_T_le_v4SPD16_eabi.lib</file>
         <name>div0.asm.obj</name>
      </input_file>
      <input_file id="fl-cb">
         <path>D:\TivaC\CCS\CCS12.3.0.00005_win64\ccs\tools\compiler\ti-cgt-arm_20.2.7.LTS\lib\</path>
         <kind>archive</kind>
         <file>rtsv7M4_T_le_v4SPD16_eabi.lib</file>
         <name>memcpy_t2.asm.obj</name>
      </input_file>
      <input_file id="fl-cc">
         <path>D:\TivaC\CCS\CCS12.3.0.00005_win64\ccs\tools\compiler\ti-cgt-arm_20.2.7.LTS\lib\</path>
         <kind>archive</kind>
         <file>rtsv7M4_T_le_v4SPD16_eabi.lib</file>
         <name>memset_t2.asm.obj</name>
      </input_file>
      <input_file id="fl-cd">
         <path>D:\TivaC\CCS\CCS12.3.0.00005_win64\ccs\tools\compiler\ti-cgt-arm_20.2.7.LTS\lib\</path>
         <kind>archive</kind>
         <file>rtsv7M4_T_le_v4SPD16_eabi.lib</file>
         <name>autoinit.c.obj</name>
      </input_file>
      <input_file id="fl-ce">
         <path>D:\TivaC\CCS\CCS12.3.0.00005_win64\ccs\tools\compiler\ti-cgt-arm_20.2.7.LTS\lib\</path>
         <kind>archive</kind>
         <file>rtsv7M4_T_le_v4SPD16_eabi.lib</file>
         <name>pre_init.c.obj</name>
      </input_file>
      <input_file id="fl-cf">
         <path>D:\TivaC\CCS\CCS12.3.0.00005_win64\ccs\tools\compiler\ti-cgt-arm_20.2.7.LTS\lib\</path>
         <kind>archive</kind>
         <file>rtsv7M4_T_le_v4SPD16_eabi.lib</file>
         <name>cpy_tbl.c.obj</name>
      </input_file>
      <input_file id="fl-d0">
         <path>D:\TivaC\CCS\CCS12.3.0.00005_win64\ccs\tools\compiler\ti-cgt-arm_20.2.7.LTS\lib\</path>
         <kind>archive</kind>
         <file>rtsv7M4_T_le_v4SPD16_eabi.lib</file>
         <name>exit.c.obj</name>
      </input_file>
      <input_file id="fl-d1">
         <path>D:\TivaC\CCS\CCS12.3.0.00005_win64\ccs\tools\compiler\ti-cgt-arm_20.2.7.LTS\lib\</path>
         <kind>archive</kind>
         <file>rtsv7M4_T_le_v4SPD16_eabi.lib</file>
         <name>_lock.c.obj</name>
      </input_file>
      <input_file id="fl-d2">
         <path>D:\TivaC\CCS\CCS12.3.0.00005_win64\ccs\tools\compiler\ti-cgt-arm_20.2.7.LTS\lib\</path>
         <kind>archive</kind>
         <file>rtsv7M4_T_le_v4SPD16_eabi.lib</file>
         <name>args_main.c.obj</name>
      </input_file>
      <input_file id="fl-d3">
         <path>D:\TivaC\TivaWare\driverlib\ccs\Debug\</path>
         <kind>archive</kind>
         <file>driverlib.lib</file>
         <name>gpio.obj</name>
      </input_file>
      <input_file id="fl-d4">
         <path>D:\TivaC\TivaWare\driverlib\ccs\Debug\</path>
         <kind>archive</kind>
         <file>driverlib.lib</file>
         <name>interrupt.obj</name>
      </input_file>
      <input_file id="fl-d5">
         <path>D:\TivaC\TivaWare\driverlib\ccs\Debug\</path>
         <kind>archive</kind>
         <file>driverlib.lib</file>
         <name>pwm.obj</name>
      </input_file>
      <input_file id="fl-d6">
         <path>D:\TivaC\TivaWare\driverlib\ccs\Debug\</path>
         <kind>archive</kind>
         <file>driverlib.lib</file>
         <name>qei.obj</name>
      </input_file>
      <input_file id="fl-d7">
         <path>D:\TivaC\TivaWare\driverlib\ccs\Debug\</path>
         <kind>archive</kind>
         <file>driverlib.lib</file>
         <name>sysctl.obj</name>
      </input_file>
      <input_file id="fl-d8">
         <path>D:\TivaC\TivaWare\driverlib\ccs\Debug\</path>
         <kind>archive</kind>
         <file>driverlib.lib</file>
         <name>timer.obj</name>
      </input_file>
      <input_file id="fl-d9">
         <path>D:\TivaC\TivaWare\driverlib\ccs\Debug\</path>
         <kind>archive</kind>
         <file>driverlib.lib</file>
         <name>uart.obj</name>
      </input_file>
      <input_file id="fl-da">
         <path>D:\TivaC\TivaWare\driverlib\ccs\Debug\</path>
         <kind>archive</kind>
         <file>driverlib.lib</file>
         <name>cpu.obj</name>
      </input_file>
   </input_file_list>
   <object_component_list>
      <object_component id="oc-12">
         <name>.intvecs</name>
         <load_address>0x0</load_address>
         <run_address>0x0</run_address>
         <size>0x26c</size>
         <input_file_ref idref="fl-3"/>
      </object_component>
      <object_component id="oc-9b">
         <name>.text</name>
         <load_address>0x26c</load_address>
         <run_address>0x26c</run_address>
         <size>0x778</size>
         <input_file_ref idref="fl-2"/>
      </object_component>
      <object_component id="oc-ce">
         <name>.text</name>
         <load_address>0x9e4</load_address>
         <run_address>0x9e4</run_address>
         <size>0x4a8</size>
         <input_file_ref idref="fl-4"/>
      </object_component>
      <object_component id="oc-296">
         <name>.text:GPIOPadConfigSet</name>
         <load_address>0xe8c</load_address>
         <run_address>0xe8c</run_address>
         <size>0x16c</size>
         <input_file_ref idref="fl-d3"/>
      </object_component>
      <object_component id="oc-e0">
         <name>.text</name>
         <load_address>0xff8</load_address>
         <run_address>0xff8</run_address>
         <size>0x136</size>
         <input_file_ref idref="fl-bf"/>
      </object_component>
      <object_component id="oc-313">
         <name>.text</name>
         <load_address>0x112e</load_address>
         <run_address>0x112e</run_address>
         <size>0x2</size>
         <input_file_ref idref="fl-ca"/>
      </object_component>
      <object_component id="oc-132">
         <name>.text:SysCtlClockGet</name>
         <load_address>0x1130</load_address>
         <run_address>0x1130</run_address>
         <size>0x118</size>
         <input_file_ref idref="fl-d7"/>
      </object_component>
      <object_component id="oc-199">
         <name>.text</name>
         <load_address>0x1248</load_address>
         <run_address>0x1248</run_address>
         <size>0xfc</size>
         <input_file_ref idref="fl-c0"/>
      </object_component>
      <object_component id="oc-114">
         <name>.text:SysCtlClockSet</name>
         <load_address>0x1344</load_address>
         <run_address>0x1344</run_address>
         <size>0xf4</size>
         <input_file_ref idref="fl-d7"/>
      </object_component>
      <object_component id="oc-3b">
         <name>.text</name>
         <load_address>0x1438</load_address>
         <run_address>0x1438</run_address>
         <size>0x9c</size>
         <input_file_ref idref="fl-cb"/>
      </object_component>
      <object_component id="oc-e5">
         <name>.text</name>
         <load_address>0x14d4</load_address>
         <run_address>0x14d4</run_address>
         <size>0x6e</size>
         <input_file_ref idref="fl-c1"/>
      </object_component>
      <object_component id="oc-156">
         <name>.text:IntEnable</name>
         <load_address>0x1544</load_address>
         <run_address>0x1544</run_address>
         <size>0x68</size>
         <input_file_ref idref="fl-d4"/>
      </object_component>
      <object_component id="oc-15">
         <name>.text:decompress:lzss:__TI_decompress_lzss</name>
         <load_address>0x15ac</load_address>
         <run_address>0x15ac</run_address>
         <size>0x68</size>
         <input_file_ref idref="fl-c8"/>
      </object_component>
      <object_component id="oc-1bb">
         <name>.text:TimerConfigure</name>
         <load_address>0x1614</load_address>
         <run_address>0x1614</run_address>
         <size>0x60</size>
         <input_file_ref idref="fl-d8"/>
      </object_component>
      <object_component id="oc-120">
         <name>.text:GPIOPinConfigure</name>
         <load_address>0x1674</load_address>
         <run_address>0x1674</run_address>
         <size>0x4c</size>
         <input_file_ref idref="fl-d3"/>
      </object_component>
      <object_component id="oc-2d8">
         <name>.text:_TimerIntNumberGet</name>
         <load_address>0x16c0</load_address>
         <run_address>0x16c0</run_address>
         <size>0x4c</size>
         <input_file_ref idref="fl-d8"/>
      </object_component>
      <object_component id="oc-138">
         <name>.text:UARTConfigSetExpClk</name>
         <load_address>0x170c</load_address>
         <run_address>0x170c</run_address>
         <size>0x46</size>
         <input_file_ref idref="fl-d9"/>
      </object_component>
      <object_component id="oc-215">
         <name>.text:__TI_auto_init_nobinit_nopinit:__TI_auto_init_nobinit_nopinit</name>
         <load_address>0x1754</load_address>
         <run_address>0x1754</run_address>
         <size>0x44</size>
         <input_file_ref idref="fl-cd"/>
      </object_component>
      <object_component id="oc-19e">
         <name>.text</name>
         <load_address>0x1798</load_address>
         <run_address>0x1798</run_address>
         <size>0x44</size>
         <input_file_ref idref="fl-c2"/>
      </object_component>
      <object_component id="oc-2ab">
         <name>.text:_UARTIntNumberGet</name>
         <load_address>0x17dc</load_address>
         <run_address>0x17dc</run_address>
         <size>0x40</size>
         <input_file_ref idref="fl-d9"/>
      </object_component>
      <object_component id="oc-265">
         <name>.text</name>
         <load_address>0x181c</load_address>
         <run_address>0x181c</run_address>
         <size>0x40</size>
         <input_file_ref idref="fl-c5"/>
      </object_component>
      <object_component id="oc-24a">
         <name>.text:SysCtlPeripheralPresent</name>
         <load_address>0x185c</load_address>
         <run_address>0x185c</run_address>
         <size>0x38</size>
         <input_file_ref idref="fl-d7"/>
      </object_component>
      <object_component id="oc-c9">
         <name>.text</name>
         <load_address>0x1894</load_address>
         <run_address>0x1894</run_address>
         <size>0x38</size>
         <input_file_ref idref="fl-c3"/>
      </object_component>
      <object_component id="oc-2b1">
         <name>.text:IntRegister</name>
         <load_address>0x18cc</load_address>
         <run_address>0x18cc</run_address>
         <size>0x34</size>
         <input_file_ref idref="fl-d4"/>
      </object_component>
      <object_component id="oc-11a">
         <name>.text:SysCtlPeripheralEnable</name>
         <load_address>0x1900</load_address>
         <run_address>0x1900</run_address>
         <size>0x34</size>
         <input_file_ref idref="fl-d7"/>
      </object_component>
      <object_component id="oc-59">
         <name>.text:_c_int00_noargs:_c_int00_noargs</name>
         <load_address>0x1934</load_address>
         <run_address>0x1934</run_address>
         <size>0x34</size>
         <input_file_ref idref="fl-c9"/>
      </object_component>
      <object_component id="oc-290">
         <name>.text:GPIODirModeSet</name>
         <load_address>0x1968</load_address>
         <run_address>0x1968</run_address>
         <size>0x2c</size>
         <input_file_ref idref="fl-d3"/>
      </object_component>
      <object_component id="oc-1d9">
         <name>.text:IntPrioritySet</name>
         <load_address>0x1994</load_address>
         <run_address>0x1994</run_address>
         <size>0x24</size>
         <input_file_ref idref="fl-d4"/>
      </object_component>
      <object_component id="oc-182">
         <name>.text:PWMGenConfigure</name>
         <load_address>0x19b8</load_address>
         <run_address>0x19b8</run_address>
         <size>0x22</size>
         <input_file_ref idref="fl-d5"/>
      </object_component>
      <object_component id="oc-2a2">
         <name>.text:UARTDisable</name>
         <load_address>0x19dc</load_address>
         <run_address>0x19dc</run_address>
         <size>0x20</size>
         <input_file_ref idref="fl-d9"/>
      </object_component>
      <object_component id="oc-194">
         <name>.text</name>
         <load_address>0x19fc</load_address>
         <run_address>0x19fc</run_address>
         <size>0x20</size>
         <input_file_ref idref="fl-c4"/>
      </object_component>
      <object_component id="oc-1a3">
         <name>.text:PWMPulseWidthSet</name>
         <load_address>0x1a1c</load_address>
         <run_address>0x1a1c</run_address>
         <size>0x1e</size>
         <input_file_ref idref="fl-d5"/>
      </object_component>
      <object_component id="oc-47">
         <name>.text:decompress:ZI:__TI_zero_init_nomemset:__TI_zero_init_nomemset</name>
         <load_address>0x1a3a</load_address>
         <run_address>0x1a3a</run_address>
         <size>0x1c</size>
         <input_file_ref idref="fl-c6"/>
      </object_component>
      <object_component id="oc-168">
         <name>.text:GPIOPinTypeGPIOOutput</name>
         <load_address>0x1a56</load_address>
         <run_address>0x1a56</run_address>
         <size>0x1a</size>
         <input_file_ref idref="fl-d3"/>
      </object_component>
      <object_component id="oc-1cd">
         <name>.text:TimerIntRegister</name>
         <load_address>0x1a70</load_address>
         <run_address>0x1a70</run_address>
         <size>0x18</size>
         <input_file_ref idref="fl-d8"/>
      </object_component>
      <object_component id="oc-14a">
         <name>.text:UARTIntRegister</name>
         <load_address>0x1a88</load_address>
         <run_address>0x1a88</run_address>
         <size>0x18</size>
         <input_file_ref idref="fl-d9"/>
      </object_component>
      <object_component id="oc-17c">
         <name>.text:GPIOPinTypePWM</name>
         <load_address>0x1aa0</load_address>
         <run_address>0x1aa0</run_address>
         <size>0x16</size>
         <input_file_ref idref="fl-d3"/>
      </object_component>
      <object_component id="oc-1e5">
         <name>.text:GPIOPinTypeQEI</name>
         <load_address>0x1ab6</load_address>
         <run_address>0x1ab6</run_address>
         <size>0x16</size>
         <input_file_ref idref="fl-d3"/>
      </object_component>
      <object_component id="oc-126">
         <name>.text:GPIOPinTypeUART</name>
         <load_address>0x1acc</load_address>
         <run_address>0x1acc</run_address>
         <size>0x16</size>
         <input_file_ref idref="fl-d3"/>
      </object_component>
      <object_component id="oc-176">
         <name>.text:SysCtlPWMClockSet</name>
         <load_address>0x1ae4</load_address>
         <run_address>0x1ae4</run_address>
         <size>0x14</size>
         <input_file_ref idref="fl-d7"/>
      </object_component>
      <object_component id="oc-162">
         <name>.text:UARTEnable</name>
         <load_address>0x1af8</load_address>
         <run_address>0x1af8</run_address>
         <size>0x14</size>
         <input_file_ref idref="fl-d9"/>
      </object_component>
      <object_component id="oc-18e">
         <name>.text:PWMGenPeriodGet</name>
         <load_address>0x1b0c</load_address>
         <run_address>0x1b0c</run_address>
         <size>0x12</size>
         <input_file_ref idref="fl-d5"/>
      </object_component>
      <object_component id="oc-1a9">
         <name>.text:PWMOutputState</name>
         <load_address>0x1b1e</load_address>
         <run_address>0x1b1e</run_address>
         <size>0x12</size>
         <input_file_ref idref="fl-d5"/>
      </object_component>
      <object_component id="oc-1c7">
         <name>.text:TimerLoadSet</name>
         <load_address>0x1b30</load_address>
         <run_address>0x1b30</run_address>
         <size>0x12</size>
         <input_file_ref idref="fl-d8"/>
      </object_component>
      <object_component id="oc-1c1">
         <name>.text:TimerPrescaleSet</name>
         <load_address>0x1b42</load_address>
         <run_address>0x1b42</run_address>
         <size>0x12</size>
         <input_file_ref idref="fl-d8"/>
      </object_component>
      <object_component id="oc-15c">
         <name>.text:IntMasterEnable</name>
         <load_address>0x1b54</load_address>
         <run_address>0x1b54</run_address>
         <size>0x10</size>
         <input_file_ref idref="fl-d4"/>
      </object_component>
      <object_component id="oc-188">
         <name>.text:PWMGenPeriodSet</name>
         <load_address>0x1b64</load_address>
         <run_address>0x1b64</run_address>
         <size>0x10</size>
         <input_file_ref idref="fl-d5"/>
      </object_component>
      <object_component id="oc-1eb">
         <name>.text:QEIConfigure</name>
         <load_address>0x1b74</load_address>
         <run_address>0x1b74</run_address>
         <size>0xe</size>
         <input_file_ref idref="fl-d6"/>
      </object_component>
      <object_component id="oc-da">
         <name>.text:QEIDirectionGet</name>
         <load_address>0x1b82</load_address>
         <run_address>0x1b82</run_address>
         <size>0xe</size>
         <input_file_ref idref="fl-d6"/>
      </object_component>
      <object_component id="oc-1df">
         <name>.text:TimerEnable</name>
         <load_address>0x1b90</load_address>
         <run_address>0x1b90</run_address>
         <size>0xe</size>
         <input_file_ref idref="fl-d8"/>
      </object_component>
      <object_component id="oc-102">
         <name>.text:UARTCharGetNonBlocking</name>
         <load_address>0x1b9e</load_address>
         <run_address>0x1b9e</run_address>
         <size>0xe</size>
         <input_file_ref idref="fl-d9"/>
      </object_component>
      <object_component id="oc-108">
         <name>.text:UARTCharPutNonBlocking</name>
         <load_address>0x1bac</load_address>
         <run_address>0x1bac</run_address>
         <size>0xe</size>
         <input_file_ref idref="fl-d9"/>
      </object_component>
      <object_component id="oc-10e">
         <name>.text:UARTCharsAvail</name>
         <load_address>0x1bba</load_address>
         <run_address>0x1bba</run_address>
         <size>0xe</size>
         <input_file_ref idref="fl-d9"/>
      </object_component>
      <object_component id="oc-1b">
         <name>.text:decompress:none:__TI_decompress_none</name>
         <load_address>0x1bc8</load_address>
         <run_address>0x1bc8</run_address>
         <size>0xe</size>
         <input_file_ref idref="fl-c7"/>
      </object_component>
      <object_component id="oc-2be">
         <name>.text:CPUcpsie</name>
         <load_address>0x1bd6</load_address>
         <run_address>0x1bd6</run_address>
         <size>0xc</size>
         <input_file_ref idref="fl-da"/>
      </object_component>
      <object_component id="oc-1af">
         <name>.text:PWMGenEnable</name>
         <load_address>0x1be2</load_address>
         <run_address>0x1be2</run_address>
         <size>0xc</size>
         <input_file_ref idref="fl-d5"/>
      </object_component>
      <object_component id="oc-27">
         <name>.text</name>
         <load_address>0x1bee</load_address>
         <run_address>0x1bee</run_address>
         <size>0xc</size>
         <input_file_ref idref="fl-3"/>
      </object_component>
      <object_component id="oc-1f7">
         <name>.text:QEIEnable</name>
         <load_address>0x1bfa</load_address>
         <run_address>0x1bfa</run_address>
         <size>0xa</size>
         <input_file_ref idref="fl-d6"/>
      </object_component>
      <object_component id="oc-1f1">
         <name>.text:QEIIntDisable</name>
         <load_address>0x1c04</load_address>
         <run_address>0x1c04</run_address>
         <size>0xa</size>
         <input_file_ref idref="fl-d6"/>
      </object_component>
      <object_component id="oc-ea">
         <name>.text:TimerIntStatus</name>
         <load_address>0x1c0e</load_address>
         <run_address>0x1c0e</run_address>
         <size>0xa</size>
         <input_file_ref idref="fl-d8"/>
      </object_component>
      <object_component id="oc-256">
         <name>.text:UARTCharGet</name>
         <load_address>0x1c18</load_address>
         <run_address>0x1c18</run_address>
         <size>0xa</size>
         <input_file_ref idref="fl-d9"/>
      </object_component>
      <object_component id="oc-250">
         <name>.text:UARTCharPut</name>
         <load_address>0x1c22</load_address>
         <run_address>0x1c22</run_address>
         <size>0xa</size>
         <input_file_ref idref="fl-d9"/>
      </object_component>
      <object_component id="oc-13e">
         <name>.text:UARTFIFOEnable</name>
         <load_address>0x1c2c</load_address>
         <run_address>0x1c2c</run_address>
         <size>0xa</size>
         <input_file_ref idref="fl-d9"/>
      </object_component>
      <object_component id="oc-f6">
         <name>.text:UARTIntStatus</name>
         <load_address>0x1c36</load_address>
         <run_address>0x1c36</run_address>
         <size>0xa</size>
         <input_file_ref idref="fl-d9"/>
      </object_component>
      <object_component id="oc-1d3">
         <name>.text:TimerIntEnable</name>
         <load_address>0x1c40</load_address>
         <run_address>0x1c40</run_address>
         <size>0x8</size>
         <input_file_ref idref="fl-d8"/>
      </object_component>
      <object_component id="oc-150">
         <name>.text:UARTIntEnable</name>
         <load_address>0x1c48</load_address>
         <run_address>0x1c48</run_address>
         <size>0x8</size>
         <input_file_ref idref="fl-d9"/>
      </object_component>
      <object_component id="oc-16e">
         <name>.text:GPIOPinWrite</name>
         <load_address>0x1c50</load_address>
         <run_address>0x1c50</run_address>
         <size>0x6</size>
         <input_file_ref idref="fl-d3"/>
      </object_component>
      <object_component id="oc-287">
         <name>.text:SysCtlDelay</name>
         <load_address>0x1c56</load_address>
         <run_address>0x1c56</run_address>
         <size>0x6</size>
         <input_file_ref idref="fl-d7"/>
      </object_component>
      <object_component id="oc-1b5">
         <name>.text:TimerClockSourceSet</name>
         <load_address>0x1c5c</load_address>
         <run_address>0x1c5c</run_address>
         <size>0x6</size>
         <input_file_ref idref="fl-d8"/>
      </object_component>
      <object_component id="oc-12c">
         <name>.text:UARTClockSourceSet</name>
         <load_address>0x1c62</load_address>
         <run_address>0x1c62</run_address>
         <size>0x6</size>
         <input_file_ref idref="fl-d9"/>
      </object_component>
      <object_component id="oc-144">
         <name>.text:UARTFIFOLevelSet</name>
         <load_address>0x1c68</load_address>
         <run_address>0x1c68</run_address>
         <size>0x6</size>
         <input_file_ref idref="fl-d9"/>
      </object_component>
      <object_component id="oc-d4">
         <name>.text:QEIPositionGet</name>
         <load_address>0x1c6e</load_address>
         <run_address>0x1c6e</run_address>
         <size>0x4</size>
         <input_file_ref idref="fl-d6"/>
      </object_component>
      <object_component id="oc-1fd">
         <name>.text:QEIPositionSet</name>
         <load_address>0x1c72</load_address>
         <run_address>0x1c72</run_address>
         <size>0x4</size>
         <input_file_ref idref="fl-d6"/>
      </object_component>
      <object_component id="oc-f0">
         <name>.text:TimerIntClear</name>
         <load_address>0x1c76</load_address>
         <run_address>0x1c76</run_address>
         <size>0x4</size>
         <input_file_ref idref="fl-d8"/>
      </object_component>
      <object_component id="oc-fc">
         <name>.text:UARTIntClear</name>
         <load_address>0x1c7a</load_address>
         <run_address>0x1c7a</run_address>
         <size>0x4</size>
         <input_file_ref idref="fl-d9"/>
      </object_component>
      <object_component id="oc-95">
         <name>.text:_system_pre_init</name>
         <load_address>0x1c7e</load_address>
         <run_address>0x1c7e</run_address>
         <size>0x4</size>
         <input_file_ref idref="fl-ce"/>
      </object_component>
      <object_component id="oc-209">
         <name>.text:abort:abort</name>
         <load_address>0x1c82</load_address>
         <run_address>0x1c82</run_address>
         <size>0x4</size>
         <input_file_ref idref="fl-d0"/>
      </object_component>
      <object_component id="oc-2e0">
         <name>.const:g_pui32Regs</name>
         <load_address>0x1c88</load_address>
         <run_address>0x1c88</run_address>
         <size>0x9c</size>
         <input_file_ref idref="fl-d4"/>
      </object_component>
      <object_component id="oc-28b">
         <name>.const:g_pui32GPIOBaseAddrs</name>
         <load_address>0x1d24</load_address>
         <run_address>0x1d24</run_address>
         <size>0x90</size>
         <input_file_ref idref="fl-d3"/>
      </object_component>
      <object_component id="oc-29e">
         <name>.const:g_pui32Xtals</name>
         <load_address>0x1db4</load_address>
         <run_address>0x1db4</run_address>
         <size>0x6c</size>
         <input_file_ref idref="fl-d7"/>
      </object_component>
      <object_component id="oc-354">
         <name>.const:g_ppui32TimerIntMap</name>
         <load_address>0x1e20</load_address>
         <run_address>0x1e20</run_address>
         <size>0x60</size>
         <input_file_ref idref="fl-d8"/>
      </object_component>
      <object_component id="oc-357">
         <name>.const:g_ppui32TimerIntMapSnowflake</name>
         <load_address>0x1e80</load_address>
         <run_address>0x1e80</run_address>
         <size>0x40</size>
         <input_file_ref idref="fl-d8"/>
      </object_component>
      <object_component id="oc-342">
         <name>.const:g_ppui32UARTIntMap</name>
         <load_address>0x1ec0</load_address>
         <run_address>0x1ec0</run_address>
         <size>0x40</size>
         <input_file_ref idref="fl-d9"/>
      </object_component>
      <object_component id="oc-345">
         <name>.const:g_ppui32UARTIntMapSnowflake</name>
         <load_address>0x1f00</load_address>
         <run_address>0x1f00</run_address>
         <size>0x40</size>
         <input_file_ref idref="fl-d9"/>
      </object_component>
      <object_component id="oc-2b9">
         <name>.const:g_pui32EnRegs</name>
         <load_address>0x1f40</load_address>
         <run_address>0x1f40</run_address>
         <size>0x14</size>
         <input_file_ref idref="fl-d4"/>
      </object_component>
      <object_component id="oc-319">
         <name>.const:.string</name>
         <load_address>0x1f54</load_address>
         <run_address>0x1f54</run_address>
         <size>0x12</size>
         <input_file_ref idref="fl-4"/>
      </object_component>
      <object_component id="oc-262">
         <name>.const:g_ui32UARTBase</name>
         <load_address>0x1f68</load_address>
         <run_address>0x1f68</run_address>
         <size>0xc</size>
         <input_file_ref idref="fl-4"/>
      </object_component>
      <object_component id="oc-25c">
         <name>.const:g_ui32UARTPeriph</name>
         <load_address>0x1f74</load_address>
         <run_address>0x1f74</run_address>
         <size>0xc</size>
         <input_file_ref idref="fl-4"/>
      </object_component>
      <object_component id="oc-26a">
         <name>.const</name>
         <load_address>0x1f80</load_address>
         <run_address>0x1f80</run_address>
         <size>0x4</size>
         <input_file_ref idref="fl-4"/>
      </object_component>
      <object_component id="oc-3c1">
         <name>__TI_handler_table</name>
         <load_address>0x1f88</load_address>
         <run_address>0x1f88</run_address>
         <size>0xc</size>
      </object_component>
      <object_component id="oc-3c5">
         <name>.cinit..bss.load</name>
         <load_address>0x1f98</load_address>
         <run_address>0x1f98</run_address>
         <size>0x8</size>
      </object_component>
      <object_component id="oc-3c3">
         <name>.cinit..vtable.load</name>
         <load_address>0x1fa0</load_address>
         <run_address>0x1fa0</run_address>
         <size>0x8</size>
      </object_component>
      <object_component id="oc-3c4">
         <name>.cinit..data.load</name>
         <load_address>0x1fa8</load_address>
         <run_address>0x1fa8</run_address>
         <size>0x7</size>
      </object_component>
      <object_component id="oc-3c2">
         <name>__TI_cinit_table</name>
         <load_address>0x1fb0</load_address>
         <run_address>0x1fb0</run_address>
         <size>0x18</size>
      </object_component>
      <object_component id="oc-349">
         <name>.vtable</name>
         <uninitialized>true</uninitialized>
         <run_address>0x20000000</run_address>
         <size>0x26c</size>
         <input_file_ref idref="fl-d4"/>
      </object_component>
      <object_component id="oc-25f">
         <name>.data</name>
         <load_address>0x200004a0</load_address>
         <run_address>0x200004a0</run_address>
         <size>0x5</size>
         <input_file_ref idref="fl-4"/>
      </object_component>
      <object_component id="oc-175">
         <name>.bss:catch1$2</name>
         <uninitialized>true</uninitialized>
         <run_address>0x20000494</run_address>
         <size>0xc</size>
         <input_file_ref idref="fl-2"/>
      </object_component>
      <object_component id="oc-174">
         <name>.common:gest</name>
         <uninitialized>true</uninitialized>
         <run_address>0x20000470</run_address>
         <size>0x24</size>
      </object_component>
      <object_component id="oc-24">
         <name>.stack</name>
         <uninitialized>true</uninitialized>
         <run_address>0x20000270</run_address>
         <size>0x4</size>
         <input_file_ref idref="fl-c9"/>
      </object_component>
      <object_component id="oc-3c7">
         <name>.stack</name>
         <uninitialized>true</uninitialized>
         <run_address>0x20000270</run_address>
         <size>0x0</size>
      </object_component>
      <object_component id="oc-b7">
         <name>.debug_info</name>
         <load_address>0x0</load_address>
         <run_address>0x0</run_address>
         <size>0xda8</size>
         <input_file_ref idref="fl-2"/>
      </object_component>
      <object_component id="oc-9e">
         <name>.debug_info</name>
         <load_address>0xda8</load_address>
         <run_address>0xda8</run_address>
         <size>0x15cf</size>
         <input_file_ref idref="fl-2"/>
      </object_component>
      <object_component id="oc-70">
         <name>.debug_info</name>
         <load_address>0x2377</load_address>
         <run_address>0x2377</run_address>
         <size>0x26b</size>
         <input_file_ref idref="fl-2"/>
      </object_component>
      <object_component id="oc-b2">
         <name>.debug_info</name>
         <load_address>0x25e2</load_address>
         <run_address>0x25e2</run_address>
         <size>0x8b</size>
         <input_file_ref idref="fl-2"/>
      </object_component>
      <object_component id="oc-ad">
         <name>.debug_info</name>
         <load_address>0x266d</load_address>
         <run_address>0x266d</run_address>
         <size>0x2a4</size>
         <input_file_ref idref="fl-2"/>
      </object_component>
      <object_component id="oc-75">
         <name>.debug_info</name>
         <load_address>0x2911</load_address>
         <run_address>0x2911</run_address>
         <size>0xbb</size>
         <input_file_ref idref="fl-2"/>
      </object_component>
      <object_component id="oc-26f">
         <name>.debug_info</name>
         <load_address>0x29cc</load_address>
         <run_address>0x29cc</run_address>
         <size>0x2c</size>
         <input_file_ref idref="fl-2"/>
      </object_component>
      <object_component id="oc-204">
         <name>.debug_info</name>
         <load_address>0x29f8</load_address>
         <run_address>0x29f8</run_address>
         <size>0x18f</size>
         <input_file_ref idref="fl-2"/>
      </object_component>
      <object_component id="oc-2f">
         <name>.debug_info</name>
         <load_address>0x2b87</load_address>
         <run_address>0x2b87</run_address>
         <size>0x2a5</size>
         <input_file_ref idref="fl-3"/>
      </object_component>
      <object_component id="oc-13">
         <name>.debug_info</name>
         <load_address>0x2e2c</load_address>
         <run_address>0x2e2c</run_address>
         <size>0xe4</size>
         <input_file_ref idref="fl-3"/>
      </object_component>
      <object_component id="oc-2a">
         <name>.debug_info</name>
         <load_address>0x2f10</load_address>
         <run_address>0x2f10</run_address>
         <size>0x260</size>
         <input_file_ref idref="fl-3"/>
      </object_component>
      <object_component id="oc-36">
         <name>.debug_info</name>
         <load_address>0x3170</load_address>
         <run_address>0x3170</run_address>
         <size>0x84</size>
         <input_file_ref idref="fl-3"/>
      </object_component>
      <object_component id="oc-26e">
         <name>.debug_info</name>
         <load_address>0x31f4</load_address>
         <run_address>0x31f4</run_address>
         <size>0x3d9</size>
         <input_file_ref idref="fl-4"/>
      </object_component>
      <object_component id="oc-260">
         <name>.debug_info</name>
         <load_address>0x35cd</load_address>
         <run_address>0x35cd</run_address>
         <size>0xd0</size>
         <input_file_ref idref="fl-4"/>
      </object_component>
      <object_component id="oc-26b">
         <name>.debug_info</name>
         <load_address>0x369d</load_address>
         <run_address>0x369d</run_address>
         <size>0xca</size>
         <input_file_ref idref="fl-4"/>
      </object_component>
      <object_component id="oc-263">
         <name>.debug_info</name>
         <load_address>0x3767</load_address>
         <run_address>0x3767</run_address>
         <size>0xd8</size>
         <input_file_ref idref="fl-4"/>
      </object_component>
      <object_component id="oc-25d">
         <name>.debug_info</name>
         <load_address>0x383f</load_address>
         <run_address>0x383f</run_address>
         <size>0xdc</size>
         <input_file_ref idref="fl-4"/>
      </object_component>
      <object_component id="oc-d2">
         <name>.debug_info</name>
         <load_address>0x391b</load_address>
         <run_address>0x391b</run_address>
         <size>0x779</size>
         <input_file_ref idref="fl-4"/>
      </object_component>
      <object_component id="oc-e1">
         <name>.debug_info</name>
         <load_address>0x4094</load_address>
         <run_address>0x4094</run_address>
         <size>0x13a</size>
         <input_file_ref idref="fl-bf"/>
      </object_component>
      <object_component id="oc-19a">
         <name>.debug_info</name>
         <load_address>0x41ce</load_address>
         <run_address>0x41ce</run_address>
         <size>0x13a</size>
         <input_file_ref idref="fl-c0"/>
      </object_component>
      <object_component id="oc-e8">
         <name>.debug_info</name>
         <load_address>0x4308</load_address>
         <run_address>0x4308</run_address>
         <size>0x13e</size>
         <input_file_ref idref="fl-c1"/>
      </object_component>
      <object_component id="oc-1a1">
         <name>.debug_info</name>
         <load_address>0x4446</load_address>
         <run_address>0x4446</run_address>
         <size>0x139</size>
         <input_file_ref idref="fl-c2"/>
      </object_component>
      <object_component id="oc-cb">
         <name>.debug_info</name>
         <load_address>0x457f</load_address>
         <run_address>0x457f</run_address>
         <size>0x12c</size>
         <input_file_ref idref="fl-c3"/>
      </object_component>
      <object_component id="oc-196">
         <name>.debug_info</name>
         <load_address>0x46ab</load_address>
         <run_address>0x46ab</run_address>
         <size>0x12e</size>
         <input_file_ref idref="fl-c4"/>
      </object_component>
      <object_component id="oc-266">
         <name>.debug_info</name>
         <load_address>0x47d9</load_address>
         <run_address>0x47d9</run_address>
         <size>0x142</size>
         <input_file_ref idref="fl-c5"/>
      </object_component>
      <object_component id="oc-8e">
         <name>.debug_info</name>
         <load_address>0x491b</load_address>
         <run_address>0x491b</run_address>
         <size>0x2d4</size>
         <input_file_ref idref="fl-c6"/>
      </object_component>
      <object_component id="oc-48">
         <name>.debug_info</name>
         <load_address>0x4bef</load_address>
         <run_address>0x4bef</run_address>
         <size>0x1d2</size>
         <input_file_ref idref="fl-c6"/>
      </object_component>
      <object_component id="oc-89">
         <name>.debug_info</name>
         <load_address>0x4dc1</load_address>
         <run_address>0x4dc1</run_address>
         <size>0x46</size>
         <input_file_ref idref="fl-c6"/>
      </object_component>
      <object_component id="oc-c0">
         <name>.debug_info</name>
         <load_address>0x4e07</load_address>
         <run_address>0x4e07</run_address>
         <size>0x2c</size>
         <input_file_ref idref="fl-c6"/>
      </object_component>
      <object_component id="oc-46">
         <name>.debug_info</name>
         <load_address>0x4e33</load_address>
         <run_address>0x4e33</run_address>
         <size>0x2a8</size>
         <input_file_ref idref="fl-c7"/>
      </object_component>
      <object_component id="oc-1c">
         <name>.debug_info</name>
         <load_address>0x50db</load_address>
         <run_address>0x50db</run_address>
         <size>0x1ea</size>
         <input_file_ref idref="fl-c7"/>
      </object_component>
      <object_component id="oc-41">
         <name>.debug_info</name>
         <load_address>0x52c5</load_address>
         <run_address>0x52c5</run_address>
         <size>0x46</size>
         <input_file_ref idref="fl-c7"/>
      </object_component>
      <object_component id="oc-81">
         <name>.debug_info</name>
         <load_address>0x530b</load_address>
         <run_address>0x530b</run_address>
         <size>0x2c</size>
         <input_file_ref idref="fl-c7"/>
      </object_component>
      <object_component id="oc-7f">
         <name>.debug_info</name>
         <load_address>0x5337</load_address>
         <run_address>0x5337</run_address>
         <size>0x29e</size>
         <input_file_ref idref="fl-c8"/>
      </object_component>
      <object_component id="oc-18">
         <name>.debug_info</name>
         <load_address>0x55d5</load_address>
         <run_address>0x55d5</run_address>
         <size>0x250</size>
         <input_file_ref idref="fl-c8"/>
      </object_component>
      <object_component id="oc-31">
         <name>.debug_info</name>
         <load_address>0x5825</load_address>
         <run_address>0x5825</run_address>
         <size>0x60</size>
         <input_file_ref idref="fl-c8"/>
      </object_component>
      <object_component id="oc-b9">
         <name>.debug_info</name>
         <load_address>0x5885</load_address>
         <run_address>0x5885</run_address>
         <size>0x46</size>
         <input_file_ref idref="fl-c8"/>
      </object_component>
      <object_component id="oc-7a">
         <name>.debug_info</name>
         <load_address>0x58cb</load_address>
         <run_address>0x58cb</run_address>
         <size>0x39</size>
         <input_file_ref idref="fl-c8"/>
      </object_component>
      <object_component id="oc-25">
         <name>.debug_info</name>
         <load_address>0x5904</load_address>
         <run_address>0x5904</run_address>
         <size>0x10b</size>
         <input_file_ref idref="fl-c9"/>
      </object_component>
      <object_component id="oc-5a">
         <name>.debug_info</name>
         <load_address>0x5a0f</load_address>
         <run_address>0x5a0f</run_address>
         <size>0x1a9</size>
         <input_file_ref idref="fl-c9"/>
      </object_component>
      <object_component id="oc-314">
         <name>.debug_info</name>
         <load_address>0x5bb8</load_address>
         <run_address>0x5bb8</run_address>
         <size>0x115</size>
         <input_file_ref idref="fl-ca"/>
      </object_component>
      <object_component id="oc-3e">
         <name>.debug_info</name>
         <load_address>0x5ccd</load_address>
         <run_address>0x5ccd</run_address>
         <size>0x119</size>
         <input_file_ref idref="fl-cb"/>
      </object_component>
      <object_component id="oc-2f5">
         <name>.debug_info</name>
         <load_address>0x5de6</load_address>
         <run_address>0x5de6</run_address>
         <size>0x4b3</size>
         <input_file_ref idref="fl-cd"/>
      </object_component>
      <object_component id="oc-218">
         <name>.debug_info</name>
         <load_address>0x6299</load_address>
         <run_address>0x6299</run_address>
         <size>0x1a6</size>
         <input_file_ref idref="fl-cd"/>
      </object_component>
      <object_component id="oc-36d">
         <name>.debug_info</name>
         <load_address>0x643f</load_address>
         <run_address>0x643f</run_address>
         <size>0x39</size>
         <input_file_ref idref="fl-cd"/>
      </object_component>
      <object_component id="oc-38c">
         <name>.debug_info</name>
         <load_address>0x6478</load_address>
         <run_address>0x6478</run_address>
         <size>0x39</size>
         <input_file_ref idref="fl-cd"/>
      </object_component>
      <object_component id="oc-372">
         <name>.debug_info</name>
         <load_address>0x64b1</load_address>
         <run_address>0x64b1</run_address>
         <size>0x39</size>
         <input_file_ref idref="fl-cd"/>
      </object_component>
      <object_component id="oc-377">
         <name>.debug_info</name>
         <load_address>0x64ea</load_address>
         <run_address>0x64ea</run_address>
         <size>0xcd</size>
         <input_file_ref idref="fl-cd"/>
      </object_component>
      <object_component id="oc-98">
         <name>.debug_info</name>
         <load_address>0x65b7</load_address>
         <run_address>0x65b7</run_address>
         <size>0x153</size>
         <input_file_ref idref="fl-ce"/>
      </object_component>
      <object_component id="oc-20a">
         <name>.debug_info</name>
         <load_address>0x670a</load_address>
         <run_address>0x670a</run_address>
         <size>0x122</size>
         <input_file_ref idref="fl-d0"/>
      </object_component>
      <object_component id="oc-28f">
         <name>.debug_info</name>
         <load_address>0x682c</load_address>
         <run_address>0x682c</run_address>
         <size>0x3e4</size>
         <input_file_ref idref="fl-d3"/>
      </object_component>
      <object_component id="oc-28c">
         <name>.debug_info</name>
         <load_address>0x6c10</load_address>
         <run_address>0x6c10</run_address>
         <size>0x164</size>
         <input_file_ref idref="fl-d3"/>
      </object_component>
      <object_component id="oc-16f">
         <name>.debug_info</name>
         <load_address>0x6d74</load_address>
         <run_address>0x6d74</run_address>
         <size>0x2ac</size>
         <input_file_ref idref="fl-d3"/>
      </object_component>
      <object_component id="oc-291">
         <name>.debug_info</name>
         <load_address>0x7020</load_address>
         <run_address>0x7020</run_address>
         <size>0x2bc</size>
         <input_file_ref idref="fl-d3"/>
      </object_component>
      <object_component id="oc-297">
         <name>.debug_info</name>
         <load_address>0x72dc</load_address>
         <run_address>0x72dc</run_address>
         <size>0x31f</size>
         <input_file_ref idref="fl-d3"/>
      </object_component>
      <object_component id="oc-127">
         <name>.debug_info</name>
         <load_address>0x75fb</load_address>
         <run_address>0x75fb</run_address>
         <size>0x29b</size>
         <input_file_ref idref="fl-d3"/>
      </object_component>
      <object_component id="oc-1e6">
         <name>.debug_info</name>
         <load_address>0x7896</load_address>
         <run_address>0x7896</run_address>
         <size>0x299</size>
         <input_file_ref idref="fl-d3"/>
      </object_component>
      <object_component id="oc-17d">
         <name>.debug_info</name>
         <load_address>0x7b2f</load_address>
         <run_address>0x7b2f</run_address>
         <size>0x299</size>
         <input_file_ref idref="fl-d3"/>
      </object_component>
      <object_component id="oc-169">
         <name>.debug_info</name>
         <load_address>0x7dc8</load_address>
         <run_address>0x7dc8</run_address>
         <size>0x2c0</size>
         <input_file_ref idref="fl-d3"/>
      </object_component>
      <object_component id="oc-121">
         <name>.debug_info</name>
         <load_address>0x8088</load_address>
         <run_address>0x8088</run_address>
         <size>0x289</size>
         <input_file_ref idref="fl-d3"/>
      </object_component>
      <object_component id="oc-325">
         <name>.debug_info</name>
         <load_address>0x8311</load_address>
         <run_address>0x8311</run_address>
         <size>0x26b</size>
         <input_file_ref idref="fl-d3"/>
      </object_component>
      <object_component id="oc-31e">
         <name>.debug_info</name>
         <load_address>0x857c</load_address>
         <run_address>0x857c</run_address>
         <size>0x297</size>
         <input_file_ref idref="fl-d3"/>
      </object_component>
      <object_component id="oc-334">
         <name>.debug_info</name>
         <load_address>0x8813</load_address>
         <run_address>0x8813</run_address>
         <size>0xef</size>
         <input_file_ref idref="fl-d3"/>
      </object_component>
      <object_component id="oc-275">
         <name>.debug_info</name>
         <load_address>0x8902</load_address>
         <run_address>0x8902</run_address>
         <size>0xbb</size>
         <input_file_ref idref="fl-d3"/>
      </object_component>
      <object_component id="oc-2bd">
         <name>.debug_info</name>
         <load_address>0x89bd</load_address>
         <run_address>0x89bd</run_address>
         <size>0x3b7</size>
         <input_file_ref idref="fl-d4"/>
      </object_component>
      <object_component id="oc-2e1">
         <name>.debug_info</name>
         <load_address>0x8d74</load_address>
         <run_address>0x8d74</run_address>
         <size>0x157</size>
         <input_file_ref idref="fl-d4"/>
      </object_component>
      <object_component id="oc-2ba">
         <name>.debug_info</name>
         <load_address>0x8ecb</load_address>
         <run_address>0x8ecb</run_address>
         <size>0x15b</size>
         <input_file_ref idref="fl-d4"/>
      </object_component>
      <object_component id="oc-34a">
         <name>.debug_info</name>
         <load_address>0x9026</load_address>
         <run_address>0x9026</run_address>
         <size>0x160</size>
         <input_file_ref idref="fl-d4"/>
      </object_component>
      <object_component id="oc-2b4">
         <name>.debug_info</name>
         <load_address>0x9186</load_address>
         <run_address>0x9186</run_address>
         <size>0x2ca</size>
         <input_file_ref idref="fl-d4"/>
      </object_component>
      <object_component id="oc-1dc">
         <name>.debug_info</name>
         <load_address>0x9450</load_address>
         <run_address>0x9450</run_address>
         <size>0x2d2</size>
         <input_file_ref idref="fl-d4"/>
      </object_component>
      <object_component id="oc-15e">
         <name>.debug_info</name>
         <load_address>0x9722</load_address>
         <run_address>0x9722</run_address>
         <size>0x247</size>
         <input_file_ref idref="fl-d4"/>
      </object_component>
      <object_component id="oc-158">
         <name>.debug_info</name>
         <load_address>0x9969</load_address>
         <run_address>0x9969</run_address>
         <size>0x271</size>
         <input_file_ref idref="fl-d4"/>
      </object_component>
      <object_component id="oc-2cb">
         <name>.debug_info</name>
         <load_address>0x9bda</load_address>
         <run_address>0x9bda</run_address>
         <size>0x396</size>
         <input_file_ref idref="fl-d5"/>
      </object_component>
      <object_component id="oc-1a4">
         <name>.debug_info</name>
         <load_address>0x9f70</load_address>
         <run_address>0x9f70</run_address>
         <size>0x2ff</size>
         <input_file_ref idref="fl-d5"/>
      </object_component>
      <object_component id="oc-1aa">
         <name>.debug_info</name>
         <load_address>0xa26f</load_address>
         <run_address>0xa26f</run_address>
         <size>0x2cd</size>
         <input_file_ref idref="fl-d5"/>
      </object_component>
      <object_component id="oc-189">
         <name>.debug_info</name>
         <load_address>0xa53c</load_address>
         <run_address>0xa53c</run_address>
         <size>0x2bf</size>
         <input_file_ref idref="fl-d5"/>
      </object_component>
      <object_component id="oc-18f">
         <name>.debug_info</name>
         <load_address>0xa7fb</load_address>
         <run_address>0xa7fb</run_address>
         <size>0x289</size>
         <input_file_ref idref="fl-d5"/>
      </object_component>
      <object_component id="oc-1b1">
         <name>.debug_info</name>
         <load_address>0xaa84</load_address>
         <run_address>0xaa84</run_address>
         <size>0x27f</size>
         <input_file_ref idref="fl-d5"/>
      </object_component>
      <object_component id="oc-184">
         <name>.debug_info</name>
         <load_address>0xad03</load_address>
         <run_address>0xad03</run_address>
         <size>0x2bc</size>
         <input_file_ref idref="fl-d5"/>
      </object_component>
      <object_component id="oc-27a">
         <name>.debug_info</name>
         <load_address>0xafbf</load_address>
         <run_address>0xafbf</run_address>
         <size>0x391</size>
         <input_file_ref idref="fl-d6"/>
      </object_component>
      <object_component id="oc-1ff">
         <name>.debug_info</name>
         <load_address>0xb350</load_address>
         <run_address>0xb350</run_address>
         <size>0x294</size>
         <input_file_ref idref="fl-d6"/>
      </object_component>
      <object_component id="oc-d6">
         <name>.debug_info</name>
         <load_address>0xb5e4</load_address>
         <run_address>0xb5e4</run_address>
         <size>0x256</size>
         <input_file_ref idref="fl-d6"/>
      </object_component>
      <object_component id="oc-1f3">
         <name>.debug_info</name>
         <load_address>0xb83a</load_address>
         <run_address>0xb83a</run_address>
         <size>0x295</size>
         <input_file_ref idref="fl-d6"/>
      </object_component>
      <object_component id="oc-1fa">
         <name>.debug_info</name>
         <load_address>0xbacf</load_address>
         <run_address>0xbacf</run_address>
         <size>0x248</size>
         <input_file_ref idref="fl-d6"/>
      </object_component>
      <object_component id="oc-dd">
         <name>.debug_info</name>
         <load_address>0xbd17</load_address>
         <run_address>0xbd17</run_address>
         <size>0x258</size>
         <input_file_ref idref="fl-d6"/>
      </object_component>
      <object_component id="oc-1ee">
         <name>.debug_info</name>
         <load_address>0xbf6f</load_address>
         <run_address>0xbf6f</run_address>
         <size>0x2d6</size>
         <input_file_ref idref="fl-d6"/>
      </object_component>
      <object_component id="oc-289">
         <name>.debug_info</name>
         <load_address>0xc245</load_address>
         <run_address>0xc245</run_address>
         <size>0x441</size>
         <input_file_ref idref="fl-d7"/>
      </object_component>
      <object_component id="oc-29f">
         <name>.debug_info</name>
         <load_address>0xc686</load_address>
         <run_address>0xc686</run_address>
         <size>0x156</size>
         <input_file_ref idref="fl-d7"/>
      </object_component>
      <object_component id="oc-24b">
         <name>.debug_info</name>
         <load_address>0xc7dc</load_address>
         <run_address>0xc7dc</run_address>
         <size>0x28c</size>
         <input_file_ref idref="fl-d7"/>
      </object_component>
      <object_component id="oc-11b">
         <name>.debug_info</name>
         <load_address>0xca68</load_address>
         <run_address>0xca68</run_address>
         <size>0x286</size>
         <input_file_ref idref="fl-d7"/>
      </object_component>
      <object_component id="oc-177">
         <name>.debug_info</name>
         <load_address>0xccee</load_address>
         <run_address>0xccee</run_address>
         <size>0x26c</size>
         <input_file_ref idref="fl-d7"/>
      </object_component>
      <object_component id="oc-115">
         <name>.debug_info</name>
         <load_address>0xcf5a</load_address>
         <run_address>0xcf5a</run_address>
         <size>0x2e4</size>
         <input_file_ref idref="fl-d7"/>
      </object_component>
      <object_component id="oc-133">
         <name>.debug_info</name>
         <load_address>0xd23e</load_address>
         <run_address>0xd23e</run_address>
         <size>0x2be</size>
         <input_file_ref idref="fl-d7"/>
      </object_component>
      <object_component id="oc-330">
         <name>.debug_info</name>
         <load_address>0xd4fc</load_address>
         <run_address>0xd4fc</run_address>
         <size>0x51</size>
         <input_file_ref idref="fl-d7"/>
      </object_component>
      <object_component id="oc-27f">
         <name>.debug_info</name>
         <load_address>0xd54d</load_address>
         <run_address>0xd54d</run_address>
         <size>0x3c7</size>
         <input_file_ref idref="fl-d8"/>
      </object_component>
      <object_component id="oc-355">
         <name>.debug_info</name>
         <load_address>0xd914</load_address>
         <run_address>0xd914</run_address>
         <size>0x163</size>
         <input_file_ref idref="fl-d8"/>
      </object_component>
      <object_component id="oc-358">
         <name>.debug_info</name>
         <load_address>0xda77</load_address>
         <run_address>0xda77</run_address>
         <size>0x175</size>
         <input_file_ref idref="fl-d8"/>
      </object_component>
      <object_component id="oc-1c3">
         <name>.debug_info</name>
         <load_address>0xdbec</load_address>
         <run_address>0xdbec</run_address>
         <size>0x2cb</size>
         <input_file_ref idref="fl-d8"/>
      </object_component>
      <object_component id="oc-1c9">
         <name>.debug_info</name>
         <load_address>0xdeb7</load_address>
         <run_address>0xdeb7</run_address>
         <size>0x2c3</size>
         <input_file_ref idref="fl-d8"/>
      </object_component>
      <object_component id="oc-2da">
         <name>.debug_info</name>
         <load_address>0xe17a</load_address>
         <run_address>0xe17a</run_address>
         <size>0x2f4</size>
         <input_file_ref idref="fl-d8"/>
      </object_component>
      <object_component id="oc-ec">
         <name>.debug_info</name>
         <load_address>0xe46e</load_address>
         <run_address>0xe46e</run_address>
         <size>0x28d</size>
         <input_file_ref idref="fl-d8"/>
      </object_component>
      <object_component id="oc-1cf">
         <name>.debug_info</name>
         <load_address>0xe6fb</load_address>
         <run_address>0xe6fb</run_address>
         <size>0x2ed</size>
         <input_file_ref idref="fl-d8"/>
      </object_component>
      <object_component id="oc-1d5">
         <name>.debug_info</name>
         <load_address>0xe9e8</load_address>
         <run_address>0xe9e8</run_address>
         <size>0x29d</size>
         <input_file_ref idref="fl-d8"/>
      </object_component>
      <object_component id="oc-f1">
         <name>.debug_info</name>
         <load_address>0xec85</load_address>
         <run_address>0xec85</run_address>
         <size>0x29b</size>
         <input_file_ref idref="fl-d8"/>
      </object_component>
      <object_component id="oc-1e0">
         <name>.debug_info</name>
         <load_address>0xef20</load_address>
         <run_address>0xef20</run_address>
         <size>0x288</size>
         <input_file_ref idref="fl-d8"/>
      </object_component>
      <object_component id="oc-1bc">
         <name>.debug_info</name>
         <load_address>0xf1a8</load_address>
         <run_address>0xf1a8</run_address>
         <size>0x295</size>
         <input_file_ref idref="fl-d8"/>
      </object_component>
      <object_component id="oc-1b6">
         <name>.debug_info</name>
         <load_address>0xf43d</load_address>
         <run_address>0xf43d</run_address>
         <size>0x29f</size>
         <input_file_ref idref="fl-d8"/>
      </object_component>
      <object_component id="oc-282">
         <name>.debug_info</name>
         <load_address>0xf6dc</load_address>
         <run_address>0xf6dc</run_address>
         <size>0x3cb</size>
         <input_file_ref idref="fl-d9"/>
      </object_component>
      <object_component id="oc-343">
         <name>.debug_info</name>
         <load_address>0xfaa7</load_address>
         <run_address>0xfaa7</run_address>
         <size>0x160</size>
         <input_file_ref idref="fl-d9"/>
      </object_component>
      <object_component id="oc-346">
         <name>.debug_info</name>
         <load_address>0xfc07</load_address>
         <run_address>0xfc07</run_address>
         <size>0x172</size>
         <input_file_ref idref="fl-d9"/>
      </object_component>
      <object_component id="oc-2ad">
         <name>.debug_info</name>
         <load_address>0xfd79</load_address>
         <run_address>0xfd79</run_address>
         <size>0x287</size>
         <input_file_ref idref="fl-d9"/>
      </object_component>
      <object_component id="oc-f8">
         <name>.debug_info</name>
         <load_address>0x10000</load_address>
         <run_address>0x10000</run_address>
         <size>0x288</size>
         <input_file_ref idref="fl-d9"/>
      </object_component>
      <object_component id="oc-14c">
         <name>.debug_info</name>
         <load_address>0x10288</load_address>
         <run_address>0x10288</run_address>
         <size>0x2cc</size>
         <input_file_ref idref="fl-d9"/>
      </object_component>
      <object_component id="oc-152">
         <name>.debug_info</name>
         <load_address>0x10554</load_address>
         <run_address>0x10554</run_address>
         <size>0x298</size>
         <input_file_ref idref="fl-d9"/>
      </object_component>
      <object_component id="oc-fd">
         <name>.debug_info</name>
         <load_address>0x107ec</load_address>
         <run_address>0x107ec</run_address>
         <size>0x296</size>
         <input_file_ref idref="fl-d9"/>
      </object_component>
      <object_component id="oc-145">
         <name>.debug_info</name>
         <load_address>0x10a82</load_address>
         <run_address>0x10a82</run_address>
         <size>0x2d8</size>
         <input_file_ref idref="fl-d9"/>
      </object_component>
      <object_component id="oc-13f">
         <name>.debug_info</name>
         <load_address>0x10d5a</load_address>
         <run_address>0x10d5a</run_address>
         <size>0x258</size>
         <input_file_ref idref="fl-d9"/>
      </object_component>
      <object_component id="oc-163">
         <name>.debug_info</name>
         <load_address>0x10fb2</load_address>
         <run_address>0x10fb2</run_address>
         <size>0x250</size>
         <input_file_ref idref="fl-d9"/>
      </object_component>
      <object_component id="oc-2a3">
         <name>.debug_info</name>
         <load_address>0x11202</load_address>
         <run_address>0x11202</run_address>
         <size>0x252</size>
         <input_file_ref idref="fl-d9"/>
      </object_component>
      <object_component id="oc-139">
         <name>.debug_info</name>
         <load_address>0x11454</load_address>
         <run_address>0x11454</run_address>
         <size>0x32f</size>
         <input_file_ref idref="fl-d9"/>
      </object_component>
      <object_component id="oc-12d">
         <name>.debug_info</name>
         <load_address>0x11783</load_address>
         <run_address>0x11783</run_address>
         <size>0x29a</size>
         <input_file_ref idref="fl-d9"/>
      </object_component>
      <object_component id="oc-10f">
         <name>.debug_info</name>
         <load_address>0x11a1d</load_address>
         <run_address>0x11a1d</run_address>
         <size>0x25c</size>
         <input_file_ref idref="fl-d9"/>
      </object_component>
      <object_component id="oc-109">
         <name>.debug_info</name>
         <load_address>0x11c79</load_address>
         <run_address>0x11c79</run_address>
         <size>0x296</size>
         <input_file_ref idref="fl-d9"/>
      </object_component>
      <object_component id="oc-251">
         <name>.debug_info</name>
         <load_address>0x11f0f</load_address>
         <run_address>0x11f0f</run_address>
         <size>0x27c</size>
         <input_file_ref idref="fl-d9"/>
      </object_component>
      <object_component id="oc-103">
         <name>.debug_info</name>
         <load_address>0x1218b</load_address>
         <run_address>0x1218b</run_address>
         <size>0x26c</size>
         <input_file_ref idref="fl-d9"/>
      </object_component>
      <object_component id="oc-257">
         <name>.debug_info</name>
         <load_address>0x123f7</load_address>
         <run_address>0x123f7</run_address>
         <size>0x256</size>
         <input_file_ref idref="fl-d9"/>
      </object_component>
      <object_component id="oc-2c2">
         <name>.debug_info</name>
         <load_address>0x1264d</load_address>
         <run_address>0x1264d</run_address>
         <size>0x21b</size>
         <input_file_ref idref="fl-da"/>
      </object_component>
      <object_component id="oc-3c8">
         <name>.debug_info</name>
         <load_address>0x12868</load_address>
         <run_address>0x12868</run_address>
         <size>0x97</size>
      </object_component>
      <object_component id="oc-248">
         <name>.debug_line</name>
         <load_address>0x0</load_address>
         <run_address>0x0</run_address>
         <size>0x164</size>
         <input_file_ref idref="fl-2"/>
      </object_component>
      <object_component id="oc-9d">
         <name>.debug_line</name>
         <load_address>0x164</load_address>
         <run_address>0x164</run_address>
         <size>0x2db</size>
         <input_file_ref idref="fl-2"/>
      </object_component>
      <object_component id="oc-73">
         <name>.debug_line</name>
         <load_address>0x43f</load_address>
         <run_address>0x43f</run_address>
         <size>0x84</size>
         <input_file_ref idref="fl-2"/>
      </object_component>
      <object_component id="oc-b5">
         <name>.debug_line</name>
         <load_address>0x4c3</load_address>
         <run_address>0x4c3</run_address>
         <size>0x20</size>
         <input_file_ref idref="fl-2"/>
      </object_component>
      <object_component id="oc-b0">
         <name>.debug_line</name>
         <load_address>0x4e3</load_address>
         <run_address>0x4e3</run_address>
         <size>0x88</size>
         <input_file_ref idref="fl-2"/>
      </object_component>
      <object_component id="oc-78">
         <name>.debug_line</name>
         <load_address>0x56b</load_address>
         <run_address>0x56b</run_address>
         <size>0x85</size>
         <input_file_ref idref="fl-2"/>
      </object_component>
      <object_component id="oc-272">
         <name>.debug_line</name>
         <load_address>0x5f0</load_address>
         <run_address>0x5f0</run_address>
         <size>0x80</size>
         <input_file_ref idref="fl-2"/>
      </object_component>
      <object_component id="oc-207">
         <name>.debug_line</name>
         <load_address>0x670</load_address>
         <run_address>0x670</run_address>
         <size>0x2d</size>
         <input_file_ref idref="fl-2"/>
      </object_component>
      <object_component id="oc-6f">
         <name>.debug_line</name>
         <load_address>0x69d</load_address>
         <run_address>0x69d</run_address>
         <size>0x41</size>
         <input_file_ref idref="fl-3"/>
      </object_component>
      <object_component id="oc-2e">
         <name>.debug_line</name>
         <load_address>0x6de</load_address>
         <run_address>0x6de</run_address>
         <size>0x41</size>
         <input_file_ref idref="fl-3"/>
      </object_component>
      <object_component id="oc-2c">
         <name>.debug_line</name>
         <load_address>0x71f</load_address>
         <run_address>0x71f</run_address>
         <size>0xa1</size>
         <input_file_ref idref="fl-3"/>
      </object_component>
      <object_component id="oc-39">
         <name>.debug_line</name>
         <load_address>0x7c0</load_address>
         <run_address>0x7c0</run_address>
         <size>0x20</size>
         <input_file_ref idref="fl-3"/>
      </object_component>
      <object_component id="oc-31d">
         <name>.debug_line</name>
         <load_address>0x7e0</load_address>
         <run_address>0x7e0</run_address>
         <size>0x6e</size>
         <input_file_ref idref="fl-4"/>
      </object_component>
      <object_component id="oc-310">
         <name>.debug_line</name>
         <load_address>0x84e</load_address>
         <run_address>0x84e</run_address>
         <size>0x32</size>
         <input_file_ref idref="fl-4"/>
      </object_component>
      <object_component id="oc-31b">
         <name>.debug_line</name>
         <load_address>0x880</load_address>
         <run_address>0x880</run_address>
         <size>0x32</size>
         <input_file_ref idref="fl-4"/>
      </object_component>
      <object_component id="oc-312">
         <name>.debug_line</name>
         <load_address>0x8b2</load_address>
         <run_address>0x8b2</run_address>
         <size>0x32</size>
         <input_file_ref idref="fl-4"/>
      </object_component>
      <object_component id="oc-30e">
         <name>.debug_line</name>
         <load_address>0x8e4</load_address>
         <run_address>0x8e4</run_address>
         <size>0x32</size>
         <input_file_ref idref="fl-4"/>
      </object_component>
      <object_component id="oc-d0">
         <name>.debug_line</name>
         <load_address>0x916</load_address>
         <run_address>0x916</run_address>
         <size>0x277</size>
         <input_file_ref idref="fl-4"/>
      </object_component>
      <object_component id="oc-e4">
         <name>.debug_line</name>
         <load_address>0xb8d</load_address>
         <run_address>0xb8d</run_address>
         <size>0xa8</size>
         <input_file_ref idref="fl-bf"/>
      </object_component>
      <object_component id="oc-19d">
         <name>.debug_line</name>
         <load_address>0xc35</load_address>
         <run_address>0xc35</run_address>
         <size>0x8e</size>
         <input_file_ref idref="fl-c0"/>
      </object_component>
      <object_component id="oc-e7">
         <name>.debug_line</name>
         <load_address>0xcc3</load_address>
         <run_address>0xcc3</run_address>
         <size>0x67</size>
         <input_file_ref idref="fl-c1"/>
      </object_component>
      <object_component id="oc-1a0">
         <name>.debug_line</name>
         <load_address>0xd2a</load_address>
         <run_address>0xd2a</run_address>
         <size>0x59</size>
         <input_file_ref idref="fl-c2"/>
      </object_component>
      <object_component id="oc-cd">
         <name>.debug_line</name>
         <load_address>0xd83</load_address>
         <run_address>0xd83</run_address>
         <size>0x57</size>
         <input_file_ref idref="fl-c3"/>
      </object_component>
      <object_component id="oc-195">
         <name>.debug_line</name>
         <load_address>0xdda</load_address>
         <run_address>0xdda</run_address>
         <size>0x4c</size>
         <input_file_ref idref="fl-c4"/>
      </object_component>
      <object_component id="oc-269">
         <name>.debug_line</name>
         <load_address>0xe26</load_address>
         <run_address>0xe26</run_address>
         <size>0x5b</size>
         <input_file_ref idref="fl-c5"/>
      </object_component>
      <object_component id="oc-c6">
         <name>.debug_line</name>
         <load_address>0xe81</load_address>
         <run_address>0xe81</run_address>
         <size>0x92</size>
         <input_file_ref idref="fl-c6"/>
      </object_component>
      <object_component id="oc-4c">
         <name>.debug_line</name>
         <load_address>0xf13</load_address>
         <run_address>0xf13</run_address>
         <size>0x4c</size>
         <input_file_ref idref="fl-c6"/>
      </object_component>
      <object_component id="oc-8c">
         <name>.debug_line</name>
         <load_address>0xf5f</load_address>
         <run_address>0xf5f</run_address>
         <size>0x34</size>
         <input_file_ref idref="fl-c6"/>
      </object_component>
      <object_component id="oc-c3">
         <name>.debug_line</name>
         <load_address>0xf93</load_address>
         <run_address>0xf93</run_address>
         <size>0x92</size>
         <input_file_ref idref="fl-c6"/>
      </object_component>
      <object_component id="oc-87">
         <name>.debug_line</name>
         <load_address>0x1025</load_address>
         <run_address>0x1025</run_address>
         <size>0x20</size>
         <input_file_ref idref="fl-c7"/>
      </object_component>
      <object_component id="oc-20">
         <name>.debug_line</name>
         <load_address>0x1045</load_address>
         <run_address>0x1045</run_address>
         <size>0x55</size>
         <input_file_ref idref="fl-c7"/>
      </object_component>
      <object_component id="oc-44">
         <name>.debug_line</name>
         <load_address>0x109a</load_address>
         <run_address>0x109a</run_address>
         <size>0x3a</size>
         <input_file_ref idref="fl-c7"/>
      </object_component>
      <object_component id="oc-84">
         <name>.debug_line</name>
         <load_address>0x10d4</load_address>
         <run_address>0x10d4</run_address>
         <size>0x92</size>
         <input_file_ref idref="fl-c7"/>
      </object_component>
      <object_component id="oc-bf">
         <name>.debug_line</name>
         <load_address>0x1166</load_address>
         <run_address>0x1166</run_address>
         <size>0x20</size>
         <input_file_ref idref="fl-c8"/>
      </object_component>
      <object_component id="oc-17">
         <name>.debug_line</name>
         <load_address>0x1186</load_address>
         <run_address>0x1186</run_address>
         <size>0xa9</size>
         <input_file_ref idref="fl-c8"/>
      </object_component>
      <object_component id="oc-34">
         <name>.debug_line</name>
         <load_address>0x122f</load_address>
         <run_address>0x122f</run_address>
         <size>0x3a</size>
         <input_file_ref idref="fl-c8"/>
      </object_component>
      <object_component id="oc-bc">
         <name>.debug_line</name>
         <load_address>0x1269</load_address>
         <run_address>0x1269</run_address>
         <size>0x9a</size>
         <input_file_ref idref="fl-c8"/>
      </object_component>
      <object_component id="oc-7d">
         <name>.debug_line</name>
         <load_address>0x1303</load_address>
         <run_address>0x1303</run_address>
         <size>0x96</size>
         <input_file_ref idref="fl-c8"/>
      </object_component>
      <object_component id="oc-6c">
         <name>.debug_line</name>
         <load_address>0x1399</load_address>
         <run_address>0x1399</run_address>
         <size>0x33</size>
         <input_file_ref idref="fl-c9"/>
      </object_component>
      <object_component id="oc-5d">
         <name>.debug_line</name>
         <load_address>0x13cc</load_address>
         <run_address>0x13cc</run_address>
         <size>0x45</size>
         <input_file_ref idref="fl-c9"/>
      </object_component>
      <object_component id="oc-317">
         <name>.debug_line</name>
         <load_address>0x1411</load_address>
         <run_address>0x1411</run_address>
         <size>0x37</size>
         <input_file_ref idref="fl-ca"/>
      </object_component>
      <object_component id="oc-3c">
         <name>.debug_line</name>
         <load_address>0x1448</load_address>
         <run_address>0x1448</run_address>
         <size>0x88</size>
         <input_file_ref idref="fl-cb"/>
      </object_component>
      <object_component id="oc-36c">
         <name>.debug_line</name>
         <load_address>0x14d0</load_address>
         <run_address>0x14d0</run_address>
         <size>0xbf</size>
         <input_file_ref idref="fl-cd"/>
      </object_component>
      <object_component id="oc-21a">
         <name>.debug_line</name>
         <load_address>0x158f</load_address>
         <run_address>0x158f</run_address>
         <size>0x6f</size>
         <input_file_ref idref="fl-cd"/>
      </object_component>
      <object_component id="oc-370">
         <name>.debug_line</name>
         <load_address>0x15fe</load_address>
         <run_address>0x15fe</run_address>
         <size>0x2e</size>
         <input_file_ref idref="fl-cd"/>
      </object_component>
      <object_component id="oc-38f">
[...]
      <handler_table_name>__TI_handler_table</handler_table_name>
      <handler>
         <index>0x0</index>
         <name>__TI_zero_init</name>
      </handler>
      <handler>
         <index>0x1</index>
         <name>__TI_decompress_lzss</name>
      </handler>
      <handler>
         <index>0x2</index>
         <name>__TI_decompress_none</name>
      </handler>
   </handler_table>
   <symbol_table>
      <symbol id="sm-1">
         <name>__STACK_TOP</name>
         <value>0x20000470</value>
      </symbol>
      <symbol id="sm-2">
         <name>__start___llvm_prf_cnts</name>
         <value>0x20000000</value>
      </symbol>
      <symbol id="sm-3">
         <name>__stop___llvm_prf_cnts</name>
         <value>0x20000000</value>
      </symbol>
      <symbol id="sm-4">
         <name>__TI_CINIT_Base</name>
         <value>0x1fb0</value>
      </symbol>
      <symbol id="sm-5">
         <name>__TI_CINIT_Limit</name>
         <value>0x1fc8</value>
      </symbol>
      <symbol id="sm-6">
         <name>__TI_Handler_Table_Base</name>
         <value>0x1f88</value>
      </symbol>
      <symbol id="sm-7">
         <name>__TI_Handler_Table_Limit</name>
         <value>0x1f94</value>
      </symbol>
      <symbol id="sm-8">
         <name>binit</name>
         <value>0xffffffff</value>
      </symbol>
      <symbol id="sm-9">
         <name>__binit__</name>
         <value>0xffffffff</value>
      </symbol>
      <symbol id="sm-a">
         <name>__STACK_SIZE</name>
         <value>0x200</value>
      </symbol>
      <symbol id="sm-b">
         <name>__STACK_END</name>
         <value>0x20000470</value>
      </symbol>
      <symbol id="sm-c">
         <name>__c_args__</name>
         <value>0xffffffff</value>
      </symbol>
      <symbol id="sm-d">
         <name>__TI_pprof_out_hndl</name>
         <value>0xffffffff</value>
      </symbol>
      <symbol id="sm-e">
         <name>__TI_prof_data_start</name>
         <value>0xffffffff</value>
      </symbol>
      <symbol id="sm-f">
         <name>__TI_prof_data_size</name>
         <value>0xffffffff</value>
      </symbol>
      <symbol id="sm-b9">
         <name>gest</name>
         <value>0x20000470</value>
      </symbol>
      <symbol id="sm-ba">
         <name>ConfigureSYS</name>
         <value>0x4e9</value>
         <object_component_ref idref="oc-9b"/>
      </symbol>
      <symbol id="sm-bb">
         <name>ConfigureTIME0</name>
         <value>0x7b1</value>
         <object_component_ref idref="oc-9b"/>
      </symbol>
      <symbol id="sm-bc">
         <name>ConfigureTIME1</name>
         <value>0x81d</value>
         <object_component_ref idref="oc-9b"/>
      </symbol>
      <symbol id="sm-bd">
         <name>ConfigureUART0</name>
         <value>0x579</value>
         <object_component_ref idref="oc-9b"/>
      </symbol>
      <symbol id="sm-be">
         <name>ConfigureUART2</name>
         <value>0x4fd</value>
         <object_component_ref idref="oc-9b"/>
      </symbol>
      <symbol id="sm-bf">
         <name>TIMER0_IRQHandler</name>
         <value>0x465</value>
         <object_component_ref idref="oc-9b"/>
      </symbol>
      <symbol id="sm-c0">
         <name>UART1_Handler_BuleTooth</name>
         <value>0x47f</value>
         <object_component_ref idref="oc-9b"/>
      </symbol>
      <symbol id="sm-c1">
         <name>ConfigureGPIO</name>
         <value>0x4f3</value>
         <object_component_ref idref="oc-9b"/>
      </symbol>
      <symbol id="sm-c2">
         <name>PID</name>
         <value>0x2bb</value>
         <object_component_ref idref="oc-9b"/>
      </symbol>
      <symbol id="sm-c3">
         <name>main</name>
         <value>0x383</value>
         <object_component_ref idref="oc-9b"/>
      </symbol>
      <symbol id="sm-c4">
         <name>ConfigureUART_BuleTooth</name>
         <value>0x63d</value>
         <object_component_ref idref="oc-9b"/>
      </symbol>
      <symbol id="sm-c5">
         <name>ConfigureUART</name>
         <value>0x605</value>
         <object_component_ref idref="oc-9b"/>
      </symbol>
      <symbol id="sm-c6">
         <name>ConfigureQEI0</name>
         <value>0x891</value>
         <object_component_ref idref="oc-9b"/>
      </symbol>
      <symbol id="sm-c7">
         <name>ConfigureQEI1</name>
         <value>0x911</value>
         <object_component_ref idref="oc-9b"/>
      </symbol>
      <symbol id="sm-c8">
         <name>UART0_Handler</name>
         <value>0x4b3</value>
         <object_component_ref idref="oc-9b"/>
      </symbol>
      <symbol id="sm-c9">
         <name>initPID</name>
         <value>0x26d</value>
         <object_component_ref idref="oc-9b"/>
      </symbol>
      <symbol id="sm-ca">
         <name>UART2_Handler</name>
         <value>0x4e7</value>
         <object_component_ref idref="oc-9b"/>
      </symbol>
      <symbol id="sm-cb">
         <name>AcquireVelocity_Distance</name>
         <value>0x3b9</value>
         <object_component_ref idref="oc-9b"/>
      </symbol>
      <symbol id="sm-cc">
         <name>ConfigurePWM</name>
         <value>0x6d5</value>
         <object_component_ref idref="oc-9b"/>
      </symbol>
      <symbol id="sm-ed">
         <name>ResetISR</name>
         <value>0x1bef</value>
         <object_component_ref idref="oc-27"/>
      </symbol>
      <symbol id="sm-ee">
         <name>g_pfnVectors</name>
         <value>0x0</value>
         <object_component_ref idref="oc-12"/>
      </symbol>
      <symbol id="sm-15e">
         <name>UARTgetc</name>
         <value>0xb35</value>
         <object_component_ref idref="oc-ce"/>
      </symbol>
      <symbol id="sm-15f">
         <name>UARTgets</name>
         <value>0xa7b</value>
         <object_component_ref idref="oc-ce"/>
      </symbol>
      <symbol id="sm-160">
         <name>UARTStdioConfig</name>
         <value>0x9e5</value>
         <object_component_ref idref="oc-ce"/>
      </symbol>
      <symbol id="sm-161">
         <name>UARTwrite</name>
         <value>0xa2b</value>
         <object_component_ref idref="oc-ce"/>
      </symbol>
      <symbol id="sm-162">
         <name>UARTprintf</name>
         <value>0xe57</value>
         <object_component_ref idref="oc-ce"/>
      </symbol>
      <symbol id="sm-163">
         <name>UARTvprintf</name>
         <value>0xb5d</value>
         <object_component_ref idref="oc-ce"/>
      </symbol>
      <symbol id="sm-177">
         <name>__aeabi_ddiv</name>
         <value>0xff9</value>
         <object_component_ref idref="oc-e0"/>
      </symbol>
      <symbol id="sm-182">
         <name>__aeabi_dmul</name>
         <value>0x1249</value>
         <object_component_ref idref="oc-199"/>
      </symbol>
      <symbol id="sm-18e">
         <name>__aeabi_d2f</name>
         <value>0x14d5</value>
         <object_component_ref idref="oc-e5"/>
      </symbol>
      <symbol id="sm-198">
         <name>__aeabi_d2uiz</name>
         <value>0x1799</value>
         <object_component_ref idref="oc-19e"/>
      </symbol>
      <symbol id="sm-1a3">
         <name>__aeabi_f2d</name>
         <value>0x1895</value>
         <object_component_ref idref="oc-c9"/>
      </symbol>
      <symbol id="sm-1ad">
         <name>__aeabi_ui2d</name>
         <value>0x19fd</value>
         <object_component_ref idref="oc-194"/>
      </symbol>
      <symbol id="sm-1bc">
         <name>__aeabi_uidivmod</name>
         <value>0x181d</value>
         <object_component_ref idref="oc-265"/>
      </symbol>
      <symbol id="sm-1bd">
         <name>__aeabi_uidiv</name>
         <value>0x181d</value>
         <object_component_ref idref="oc-265"/>
      </symbol>
      <symbol id="sm-1d6">
         <name>__TI_zero_init_nomemset</name>
         <value>0x1a3b</value>
         <object_component_ref idref="oc-47"/>
      </symbol>
      <symbol id="sm-1ed">
         <name>__TI_decompress_none</name>
         <value>0x1bc9</value>
         <object_component_ref idref="oc-1b"/>
      </symbol>
      <symbol id="sm-210">
         <name>__TI_decompress_lzss</name>
         <value>0x15ad</value>
         <object_component_ref idref="oc-15"/>
      </symbol>
      <symbol id="sm-223">
         <name>__stack</name>
         <value>0x20000270</value>
         <object_component_ref idref="oc-24"/>
      </symbol>
      <symbol id="sm-224">
         <name>_c_int00_noargs</name>
         <value>0x1935</value>
         <object_component_ref idref="oc-59"/>
      </symbol>
      <symbol id="sm-22e">
         <name>__aeabi_idiv0</name>
         <value>0x112f</value>
         <object_component_ref idref="oc-313"/>
      </symbol>
      <symbol id="sm-22f">
         <name>__aeabi_ldiv0</name>
         <value>0x112f</value>
         <object_component_ref idref="oc-313"/>
      </symbol>
      <symbol id="sm-24a">
         <name>memcpy</name>
         <value>0x1439</value>
         <object_component_ref idref="oc-3b"/>
      </symbol>
      <symbol id="sm-24b">
         <name>__aeabi_memcpy</name>
         <value>0x1439</value>
         <object_component_ref idref="oc-3b"/>
      </symbol>
      <symbol id="sm-24c">
         <name>__aeabi_memcpy8</name>
         <value>0x1439</value>
         <object_component_ref idref="oc-3b"/>
      </symbol>
      <symbol id="sm-24d">
         <name>__aeabi_memcpy4</name>
         <value>0x1439</value>
         <object_component_ref idref="oc-3b"/>
      </symbol>
      <symbol id="sm-276">
         <name>__TI_auto_init_nobinit_nopinit</name>
         <value>0x1755</value>
         <object_component_ref idref="oc-215"/>
      </symbol>
      <symbol id="sm-280">
         <name>_system_pre_init</name>
         <value>0x1c7f</value>
         <object_component_ref idref="oc-95"/>
      </symbol>
      <symbol id="sm-28c">
         <name>C$$EXIT</name>
         <value>0x1c83</value>
         <object_component_ref idref="oc-209"/>
      </symbol>
      <symbol id="sm-28d">
         <name>abort</name>
         <value>0x1c83</value>
         <object_component_ref idref="oc-209"/>
      </symbol>
      <symbol id="sm-2fd">
         <name>GPIOPinTypePWM</name>
         <value>0x1aa1</value>
         <object_component_ref idref="oc-17c"/>
      </symbol>
      <symbol id="sm-2fe">
         <name>GPIOPinConfigure</name>
         <value>0x1675</value>
         <object_component_ref idref="oc-120"/>
      </symbol>
      <symbol id="sm-2ff">
         <name>GPIOPinTypeUART</name>
         <value>0x1acd</value>
         <object_component_ref idref="oc-126"/>
      </symbol>
      <symbol id="sm-300">
         <name>GPIOPinTypeGPIOOutput</name>
         <value>0x1a57</value>
         <object_component_ref idref="oc-168"/>
      </symbol>
      <symbol id="sm-301">
         <name>GPIODirModeSet</name>
         <value>0x1969</value>
         <object_component_ref idref="oc-290"/>
      </symbol>
      <symbol id="sm-302">
         <name>GPIOPinTypeQEI</name>
         <value>0x1ab7</value>
         <object_component_ref idref="oc-1e5"/>
      </symbol>
      <symbol id="sm-303">
         <name>GPIOPinWrite</name>
         <value>0x1c51</value>
         <object_component_ref idref="oc-16e"/>
      </symbol>
      <symbol id="sm-304">
         <name>GPIOPadConfigSet</name>
         <value>0xe8d</value>
         <object_component_ref idref="oc-296"/>
      </symbol>
      <symbol id="sm-34f">
         <name>IntPrioritySet</name>
         <value>0x1995</value>
         <object_component_ref idref="oc-1d9"/>
      </symbol>
      <symbol id="sm-350">
         <name>IntEnable</name>
         <value>0x1545</value>
         <object_component_ref idref="oc-156"/>
      </symbol>
      <symbol id="sm-351">
         <name>IntRegister</name>
         <value>0x18cd</value>
         <object_component_ref idref="oc-2b1"/>
      </symbol>
      <symbol id="sm-352">
         <name>g_pfnRAMVectors</name>
         <value>0x20000000</value>
         <object_component_ref idref="oc-349"/>
      </symbol>
      <symbol id="sm-353">
         <name>IntMasterEnable</name>
         <value>0x1b55</value>
         <object_component_ref idref="oc-15c"/>
      </symbol>
      <symbol id="sm-388">
         <name>PWMGenPeriodSet</name>
         <value>0x1b65</value>
         <object_component_ref idref="oc-188"/>
      </symbol>
      <symbol id="sm-389">
         <name>PWMPulseWidthSet</name>
         <value>0x1a1d</value>
         <object_component_ref idref="oc-1a3"/>
      </symbol>
      <symbol id="sm-38a">
         <name>PWMGenPeriodGet</name>
         <value>0x1b0d</value>
         <object_component_ref idref="oc-18e"/>
      </symbol>
      <symbol id="sm-38b">
         <name>PWMOutputState</name>
         <value>0x1b1f</value>
         <object_component_ref idref="oc-1a9"/>
      </symbol>
      <symbol id="sm-38c">
         <name>PWMGenEnable</name>
         <value>0x1be3</value>
         <object_component_ref idref="oc-1af"/>
      </symbol>
      <symbol id="sm-38d">
         <name>PWMGenConfigure</name>
         <value>0x19b9</value>
         <object_component_ref idref="oc-182"/>
      </symbol>
      <symbol id="sm-3c2">
         <name>QEIDirectionGet</name>
         <value>0x1b83</value>
         <object_component_ref idref="oc-da"/>
      </symbol>
      <symbol id="sm-3c3">
         <name>QEIPositionGet</name>
         <value>0x1c6f</value>
         <object_component_ref idref="oc-d4"/>
      </symbol>
      <symbol id="sm-3c4">
         <name>QEIIntDisable</name>
         <value>0x1c05</value>
         <object_component_ref idref="oc-1f1"/>
      </symbol>
      <symbol id="sm-3c5">
         <name>QEIEnable</name>
         <value>0x1bfb</value>
         <object_component_ref idref="oc-1f7"/>
      </symbol>
      <symbol id="sm-3c6">
         <name>QEIPositionSet</name>
         <value>0x1c73</value>
         <object_component_ref idref="oc-1fd"/>
      </symbol>
      <symbol id="sm-3c7">
         <name>QEIConfigure</name>
         <value>0x1b75</value>
         <object_component_ref idref="oc-1eb"/>
      </symbol>
      <symbol id="sm-42f">
         <name>SysCtlPeripheralPresent</name>
         <value>0x185d</value>
         <object_component_ref idref="oc-24a"/>
      </symbol>
      <symbol id="sm-430">
         <name>SysCtlClockSet</name>
         <value>0x1345</value>
         <object_component_ref idref="oc-114"/>
      </symbol>
      <symbol id="sm-431">
         <name>SysCtlDelay</name>
         <value>0x1c57</value>
         <object_component_ref idref="oc-287"/>
      </symbol>
      <symbol id="sm-432">
         <name>SysCtlPeripheralEnable</name>
         <value>0x1901</value>
         <object_component_ref idref="oc-11a"/>
      </symbol>
      <symbol id="sm-433">
         <name>SysCtlClockGet</name>
         <value>0x1131</value>
         <object_component_ref idref="oc-132"/>
      </symbol>
      <symbol id="sm-434">
         <name>SysCtlPWMClockSet</name>
         <value>0x1ae5</value>
         <object_component_ref idref="oc-176"/>
      </symbol>
      <symbol id="sm-4a7">
         <name>TimerLoadSet</name>
         <value>0x1b31</value>
         <object_component_ref idref="oc-1c7"/>
      </symbol>
      <symbol id="sm-4a8">
         <name>TimerIntRegister</name>
         <value>0x1a71</value>
         <object_component_ref idref="oc-1cd"/>
      </symbol>
      <symbol id="sm-4a9">
         <name>TimerEnable</name>
         <value>0x1b91</value>
         <object_component_ref idref="oc-1df"/>
      </symbol>
      <symbol id="sm-4aa">
         <name>TimerIntStatus</name>
         <value>0x1c0f</value>
         <object_component_ref idref="oc-ea"/>
      </symbol>
      <symbol id="sm-4ab">
         <name>TimerPrescaleSet</name>
         <value>0x1b43</value>
         <object_component_ref idref="oc-1c1"/>
      </symbol>
      <symbol id="sm-4ac">
         <name>TimerIntEnable</name>
         <value>0x1c41</value>
         <object_component_ref idref="oc-1d3"/>
      </symbol>
      <symbol id="sm-4ad">
         <name>TimerClockSourceSet</name>
         <value>0x1c5d</value>
         <object_component_ref idref="oc-1b5"/>
      </symbol>
      <symbol id="sm-4ae">
         <name>TimerConfigure</name>
         <value>0x1615</value>
         <object_component_ref idref="oc-1bb"/>
      </symbol>
      <symbol id="sm-4af">
         <name>TimerIntClear</name>
         <value>0x1c77</value>
         <object_component_ref idref="oc-f0"/>
      </symbol>
      <symbol id="sm-551">
         <name>UARTCharPutNonBlocking</name>
         <value>0x1bad</value>
         <object_component_ref idref="oc-108"/>
      </symbol>
      <symbol id="sm-552">
         <name>UARTConfigSetExpClk</name>
         <value>0x170d</value>
         <object_component_ref idref="oc-138"/>
      </symbol>
      <symbol id="sm-553">
         <name>UARTDisable</name>
         <value>0x19dd</value>
         <object_component_ref idref="oc-2a2"/>
      </symbol>
      <symbol id="sm-554">
         <name>UARTIntEnable</name>
         <value>0x1c49</value>
         <object_component_ref idref="oc-150"/>
      </symbol>
      <symbol id="sm-555">
         <name>UARTCharsAvail</name>
         <value>0x1bbb</value>
         <object_component_ref idref="oc-10e"/>
      </symbol>
      <symbol id="sm-556">
         <name>UARTCharGetNonBlocking</name>
         <value>0x1b9f</value>
         <object_component_ref idref="oc-102"/>
      </symbol>
      <symbol id="sm-557">
         <name>UARTClockSourceSet</name>
         <value>0x1c63</value>
         <object_component_ref idref="oc-12c"/>
      </symbol>
      <symbol id="sm-558">
         <name>UARTCharPut</name>
         <value>0x1c23</value>
         <object_component_ref idref="oc-250"/>
      </symbol>
      <symbol id="sm-559">
         <name>UARTEnable</name>
         <value>0x1af9</value>
         <object_component_ref idref="oc-162"/>
      </symbol>
      <symbol id="sm-55a">
         <name>UARTFIFOEnable</name>
         <value>0x1c2d</value>
         <object_component_ref idref="oc-13e"/>
      </symbol>
      <symbol id="sm-55b">
         <name>UARTIntClear</name>
         <value>0x1c7b</value>
         <object_component_ref idref="oc-fc"/>
      </symbol>
      <symbol id="sm-55c">
         <name>UARTIntStatus</name>
         <value>0x1c37</value>
         <object_component_ref idref="oc-f6"/>
      </symbol>
      <symbol id="sm-55d">
         <name>UARTCharGet</name>
         <value>0x1c19</value>
         <object_component_ref idref="oc-256"/>
      </symbol>
      <symbol id="sm-55e">
         <name>UARTFIFOLevelSet</name>
         <value>0x1c69</value>
         <object_component_ref idref="oc-144"/>
      </symbol>
      <symbol id="sm-55f">
         <name>UARTIntRegister</name>
         <value>0x1a89</value>
         <object_component_ref idref="oc-14a"/>
      </symbol>
      <symbol id="sm-569">
         <name>CPUcpsie</name>
         <value>0x1bd7</value>
         <object_component_ref idref="oc-2be"/>
      </symbol>
      <symbol id="sm-56a">
         <name>__TI_static_base__</name>
         <value>0x0</value>
      </symbol>
      <symbol id="sm-56d">
         <name>__mpu_init</name>
         <value>0x0</value>
      </symbol>
      <symbol id="sm-56e">
         <name>_system_post_cinit</name>
         <value>0x0</value>
      </symbol>
   </symbol_table>
   <title>Link successful</title>
</link_info>
