******************************************************************************
                  TI ARM Linker PC v20.2.7                     
******************************************************************************
>> Linked Thu May 25 15:34:55 2023

OUTPUT FILE NAME:   <Delivery_Car2_0.out>
ENTRY POINT SYMBOL: "_c_int00_noargs"  address: 00001935


MEMORY CONFIGURATION

         name            origin    length      used     unused   attr    fill
----------------------  --------  ---------  --------  --------  ----  --------
  FLASH                 00000000   00040000  00001fc2  0003e03e  R  X
  SRAM                  20000000   00008000  000004a1  00007b5f  RW X


SEGMENT ALLOCATION MAP

run origin  load origin   length   init length attrs members
----------  ----------- ---------- ----------- ----- -------
00000000    00000000    00001fc8   00001fc8    r-x
  00000000    00000000    0000026c   0000026c    r-- .intvecs
  0000026c    0000026c    00001a1a   00001a1a    r-x .text
  00001c88    00001c88    000002fc   000002fc    r-- .const
  00001f88    00001f88    00000040   00000040    r-- .cinit
20000000    20000000    000004a5   00000000    rw-
  20000000    20000000    0000026c   00000000    rw- .vtable
  20000270    20000270    00000200   00000000    rw- .stack
  20000470    20000470    00000030   00000000    rw- .bss
  200004a0    200004a0    00000005   00000000    rw- .data


SECTION ALLOCATION MAP

 output                                  attributes/
section   page    origin      length       input sections
--------  ----  ----------  ----------   ----------------
.intvecs   0    00000000    0000026c     
                  00000000    0000026c     tm4c123gh6pm_startup_ccs.obj (.intvecs)

.text      0    0000026c    00001a1a     
                  0000026c    00000778     main.obj (.text)
                  000009e4    000004a8     uartstdio.obj (.text)
                  00000e8c    0000016c     driverlib.lib : gpio.obj (.text:GPIOPadConfigSet)
                  00000ff8    00000136     rtsv7M4_T_le_v4SPD16_eabi.lib : fd_div_t2.asm.obj (.text)
                  0000112e    00000002                                   : div0.asm.obj (.text)
                  00001130    00000118     driverlib.lib : sysctl.obj (.text:SysCtlClockGet)
                  00001248    000000fc     rtsv7M4_T_le_v4SPD16_eabi.lib : fd_mul_t2.asm.obj (.text)
                  00001344    000000f4     driverlib.lib : sysctl.obj (.text:SysCtlClockSet)
                  00001438    0000009c     rtsv7M4_T_le_v4SPD16_eabi.lib : memcpy_t2.asm.obj (.text)
                  000014d4    0000006e                                   : fd_tos_t2.asm.obj (.text)
                  00001542    00000002     --HOLE-- [fill = 0]
                  00001544    00000068     driverlib.lib : interrupt.obj (.text:IntEnable)
                  000015ac    00000068     rtsv7M4_T_le_v4SPD16_eabi.lib : copy_decompress_lzss.c.obj (.text:decompress:lzss:__TI_decompress_lzss)
                  00001614    00000060     driverlib.lib : timer.obj (.text:TimerConfigure)
                  00001674    0000004c                   : gpio.obj (.text:GPIOPinConfigure)
                  000016c0    0000004c                   : timer.obj (.text:_TimerIntNumberGet)
                  0000170c    00000046                   : uart.obj (.text:UARTConfigSetExpClk)
                  00001752    00000002     --HOLE-- [fill = 0]
                  00001754    00000044     rtsv7M4_T_le_v4SPD16_eabi.lib : autoinit.c.obj (.text:__TI_auto_init_nobinit_nopinit:__TI_auto_init_nobinit_nopinit)
                  00001798    00000044                                   : fd_tou_t2.asm.obj (.text)
                  000017dc    00000040     driverlib.lib : uart.obj (.text:_UARTIntNumberGet)
                  0000181c    00000040     rtsv7M4_T_le_v4SPD16_eabi.lib : u_divt2.asm.obj (.text)
                  0000185c    00000038     driverlib.lib : sysctl.obj (.text:SysCtlPeripheralPresent)
                  00001894    00000038     rtsv7M4_T_le_v4SPD16_eabi.lib : fs_tod_t2.asm.obj (.text)
                  000018cc    00000034     driverlib.lib : interrupt.obj (.text:IntRegister)
                  00001900    00000034                   : sysctl.obj (.text:SysCtlPeripheralEnable)
                  00001934    00000034     rtsv7M4_T_le_v4SPD16_eabi.lib : boot_cortex_m.c.obj (.text:_c_int00_noargs:_c_int00_noargs)
                  00001968    0000002c     driverlib.lib : gpio.obj (.text:GPIODirModeSet)
                  00001994    00000024                   : interrupt.obj (.text:IntPrioritySet)
                  000019b8    00000022                   : pwm.obj (.text:PWMGenConfigure)
                  000019da    00000002     --HOLE-- [fill = 0]
                  000019dc    00000020                   : uart.obj (.text:UARTDisable)
                  000019fc    00000020     rtsv7M4_T_le_v4SPD16_eabi.lib : u_tofd_t2.asm.obj (.text)
                  00001a1c    0000001e     driverlib.lib : pwm.obj (.text:PWMPulseWidthSet)
                  00001a3a    0000001c     rtsv7M4_T_le_v4SPD16_eabi.lib : copy_zero_init.c.obj (.text:decompress:ZI:__TI_zero_init_nomemset:__TI_zero_init_nomemset)
                  00001a56    0000001a     driverlib.lib : gpio.obj (.text:GPIOPinTypeGPIOOutput)
                  00001a70    00000018                   : timer.obj (.text:TimerIntRegister)
                  00001a88    00000018                   : uart.obj (.text:UARTIntRegister)
                  00001aa0    00000016                   : gpio.obj (.text:GPIOPinTypePWM)
                  00001ab6    00000016                   : gpio.obj (.text:GPIOPinTypeQEI)
                  00001acc    00000016                   : gpio.obj (.text:GPIOPinTypeUART)
                  00001ae2    00000002     --HOLE-- [fill = 0]
                  00001ae4    00000014                   : sysctl.obj (.text:SysCtlPWMClockSet)
                  00001af8    00000014                   : uart.obj (.text:UARTEnable)
                  00001b0c    00000012                   : pwm.obj (.text:PWMGenPeriodGet)
                  00001b1e    00000012                   : pwm.obj (.text:PWMOutputState)
                  00001b30    00000012                   : timer.obj (.text:TimerLoadSet)
                  00001b42    00000012                   : timer.obj (.text:TimerPrescaleSet)
                  00001b54    00000010                   : interrupt.obj (.text:IntMasterEnable)
                  00001b64    00000010                   : pwm.obj (.text:PWMGenPeriodSet)
                  00001b74    0000000e                   : qei.obj (.text:QEIConfigure)
                  00001b82    0000000e                   : qei.obj (.text:QEIDirectionGet)
                  00001b90    0000000e                   : timer.obj (.text:TimerEnable)
                  00001b9e    0000000e                   : uart.obj (.text:UARTCharGetNonBlocking)
                  00001bac    0000000e                   : uart.obj (.text:UARTCharPutNonBlocking)
                  00001bba    0000000e                   : uart.obj (.text:UARTCharsAvail)
                  00001bc8    0000000e     rtsv7M4_T_le_v4SPD16_eabi.lib : copy_decompress_none.c.obj (.text:decompress:none:__TI_decompress_none)
                  00001bd6    0000000c     driverlib.lib : cpu.obj (.text:CPUcpsie)
                  00001be2    0000000c                   : pwm.obj (.text:PWMGenEnable)
                  00001bee    0000000c     tm4c123gh6pm_startup_ccs.obj (.text)
                  00001bfa    0000000a     driverlib.lib : qei.obj (.text:QEIEnable)
                  00001c04    0000000a                   : qei.obj (.text:QEIIntDisable)
                  00001c0e    0000000a                   : timer.obj (.text:TimerIntStatus)
                  00001c18    0000000a                   : uart.obj (.text:UARTCharGet)
                  00001c22    0000000a                   : uart.obj (.text:UARTCharPut)
                  00001c2c    0000000a                   : uart.obj (.text:UARTFIFOEnable)
                  00001c36    0000000a                   : uart.obj (.text:UARTIntStatus)
                  00001c40    00000008                   : timer.obj (.text:TimerIntEnable)
                  00001c48    00000008                   : uart.obj (.text:UARTIntEnable)
                  00001c50    00000006                   : gpio.obj (.text:GPIOPinWrite)
                  00001c56    00000006                   : sysctl.obj (.text:SysCtlDelay)
                  00001c5c    00000006                   : timer.obj (.text:TimerClockSourceSet)
                  00001c62    00000006                   : uart.obj (.text:UARTClockSourceSet)
                  00001c68    00000006                   : uart.obj (.text:UARTFIFOLevelSet)
                  00001c6e    00000004                   : qei.obj (.text:QEIPositionGet)
                  00001c72    00000004                   : qei.obj (.text:QEIPositionSet)
                  00001c76    00000004                   : timer.obj (.text:TimerIntClear)
                  00001c7a    00000004                   : uart.obj (.text:UARTIntClear)
                  00001c7e    00000004     rtsv7M4_T_le_v4SPD16_eabi.lib : pre_init.c.obj (.text:_system_pre_init)
                  00001c82    00000004                                   : exit.c.obj (.text:abort:abort)

.const     0    00001c88    000002fc     
                  00001c88    0000009c     driverlib.lib : interrupt.obj (.const:g_pui32Regs)
                  00001d24    00000090                   : gpio.obj (.const:g_pui32GPIOBaseAddrs)
                  00001db4    0000006c                   : sysctl.obj (.const:g_pui32Xtals)
                  00001e20    00000060                   : timer.obj (.const:g_ppui32TimerIntMap)
                  00001e80    00000040                   : timer.obj (.const:g_ppui32TimerIntMapSnowflake)
                  00001ec0    00000040                   : uart.obj (.const:g_ppui32UARTIntMap)
                  00001f00    00000040                   : uart.obj (.const:g_ppui32UARTIntMapSnowflake)
                  00001f40    00000014                   : interrupt.obj (.const:g_pui32EnRegs)
                  00001f54    00000012     uartstdio.obj (.const:.string)
                  00001f66    00000002     --HOLE-- [fill = 0]
                  00001f68    0000000c     uartstdio.obj (.const:g_ui32UARTBase)
                  00001f74    0000000c     uartstdio.obj (.const:g_ui32UARTPeriph)
                  00001f80    00000004     uartstdio.obj (.const)

.cinit     0    00001f88    00000040     
                  00001f88    0000000c     (__TI_handler_table)
                  00001f94    00000004     --HOLE-- [fill = 0]
                  00001f98    00000008     (.cinit..bss.load) [load image, compression = zero_init]
                  00001fa0    00000008     (.cinit..vtable.load) [load image, compression = zero_init]
                  00001fa8    00000007     (.cinit..data.load) [load image, compression = lzss]
                  00001faf    00000001     --HOLE-- [fill = 0]
                  00001fb0    00000018     (__TI_cinit_table)

.init_array 
*          0    00000000    00000000     UNINITIALIZED

.vtable    0    20000000    0000026c     UNINITIALIZED
                  20000000    0000026c     driverlib.lib : interrupt.obj (.vtable)

.bss       0    20000470    00000030     UNINITIALIZED
                  20000470    00000024     (.common:gest)
                  20000494    0000000c     main.obj (.bss:catch1$2)

.data      0    200004a0    00000005     UNINITIALIZED
                  200004a0    00000005     uartstdio.obj (.data)

.stack     0    20000270    00000200     UNINITIALIZED
                  20000270    00000004     rtsv7M4_T_le_v4SPD16_eabi.lib : boot_cortex_m.c.obj (.stack)
                  20000274    000001fc     --HOLE--

__llvm_prf_cnts 
*          0    20000000    00000000     UNINITIALIZED

MODULE SUMMARY

       Module                         code   ro data   rw data
       ------                         ----   -------   -------
    .\
       main.obj                       1912   0         48     
       uartstdio.obj                  1192   46        5      
       tm4c123gh6pm_startup_ccs.obj   12     620       0      
    +--+------------------------------+------+---------+---------+
       Total:                         3116   666       53     
                                                              
    D:/TivaC/TivaWare/driverlib/ccs/Debug/driverlib.lib
       interrupt.obj                  208    176       620    
       sysctl.obj                     658    108       0      
       gpio.obj                       582    144       0      
       uart.obj                       316    128       0      
       timer.obj                      274    160       0      
       pwm.obj                        128    0         0      
       qei.obj                        56     0         0      
       cpu.obj                        12     0         0      
    +--+------------------------------+------+---------+---------+
       Total:                         2234   716       620    
                                                              
    D:\TivaC\CCS\CCS12.3.0.00005_win64\ccs\tools\compiler\ti-cgt-arm_20.2.7.LTS\lib\rtsv7M4_T_le_v4SPD16_eabi.lib
       fd_div_t2.asm.obj              310    0         0      
       fd_mul_t2.asm.obj              252    0         0      
       memcpy_t2.asm.obj              156    0         0      
       fd_tos_t2.asm.obj              110    0         0      
       copy_decompress_lzss.c.obj     104    0         0      
       autoinit.c.obj                 68     0         0      
       fd_tou_t2.asm.obj              68     0         0      
       u_divt2.asm.obj                64     0         0      
       fs_tod_t2.asm.obj              56     0         0      
       boot_cortex_m.c.obj            52     0         0      
       u_tofd_t2.asm.obj              32     0         0      
       copy_zero_init.c.obj           28     0         0      
       copy_decompress_none.c.obj     14     0         0      
       exit.c.obj                     4      0         0      
       pre_init.c.obj                 4      0         0      
       div0.asm.obj                   2      0         0      
    +--+------------------------------+------+---------+---------+
       Total:                         1324   0         0      
                                                              
       Stack:                         0      0         512    
       Linker Generated:              0      59        0      
    +--+------------------------------+------+---------+---------+
       Grand Total:                   6674   1441      1185   


LINKER GENERATED COPY TABLES

__TI_cinit_table @ 00001fb0 records: 3, size/record: 8, table size: 24
	.bss: load addr=00001f98, load size=00000008 bytes, run addr=20000470, run size=00000030 bytes, compression=zero_init
	.vtable: load addr=00001fa0, load size=00000008 bytes, run addr=20000000, run size=0000026c bytes, compression=zero_init
	.data: load addr=00001fa8, load size=00000007 bytes, run addr=200004a0, run size=00000005 bytes, compression=lzss


LINKER GENERATED HANDLER TABLE

__TI_handler_table @ 00001f88 records: 3, size/record: 4, table size: 12
	index: 0, handler: __TI_zero_init
	index: 1, handler: __TI_decompress_lzss
	index: 2, handler: __TI_decompress_none


GLOBAL SYMBOLS: SORTED ALPHABETICALLY BY Name 

address   name                          
-------   ----                          
000003b9  AcquireVelocity_Distance      
00001c83  C$$EXIT                       
00001bd7  CPUcpsie                      
000004f3  ConfigureGPIO                 
000006d5  ConfigurePWM                  
00000891  ConfigureQEI0                 
00000911  ConfigureQEI1                 
000004e9  ConfigureSYS                  
000007b1  ConfigureTIME0                
0000081d  ConfigureTIME1                
00000605  ConfigureUART                 
00000579  ConfigureUART0                
000004fd  ConfigureUART2                
0000063d  ConfigureUART_BuleTooth       
00001969  GPIODirModeSet                
00000e8d  GPIOPadConfigSet              
00001675  GPIOPinConfigure              
00001a57  GPIOPinTypeGPIOOutput         
00001aa1  GPIOPinTypePWM                
00001ab7  GPIOPinTypeQEI                
00001acd  GPIOPinTypeUART               
00001c51  GPIOPinWrite                  
00001545  IntEnable                     
00001b55  IntMasterEnable               
00001995  IntPrioritySet                
000018cd  IntRegister                   
000002bb  PID                           
000019b9  PWMGenConfigure               
00001be3  PWMGenEnable                  
00001b0d  PWMGenPeriodGet               
00001b65  PWMGenPeriodSet               
00001b1f  PWMOutputState                
00001a1d  PWMPulseWidthSet              
00001b75  QEIConfigure                  
00001b83  QEIDirectionGet               
00001bfb  QEIEnable                     
00001c05  QEIIntDisable                 
00001c6f  QEIPositionGet                
00001c73  QEIPositionSet                
00001bef  ResetISR                      
00001131  SysCtlClockGet                
00001345  SysCtlClockSet                
00001c57  SysCtlDelay                   
00001ae5  SysCtlPWMClockSet             
00001901  SysCtlPeripheralEnable        
0000185d  SysCtlPeripheralPresent       
00000465  TIMER0_IRQHandler             
00001c5d  TimerClockSourceSet           
00001615  TimerConfigure                
00001b91  TimerEnable                   
00001c77  TimerIntClear                 
00001c41  TimerIntEnable                
00001a71  TimerIntRegister              
00001c0f  TimerIntStatus                
00001b31  TimerLoadSet                  
00001b43  TimerPrescaleSet              
000004b3  UART0_Handler                 
0000047f  UART1_Handler_BuleTooth       
000004e7  UART2_Handler                 
00001c19  UARTCharGet                   
00001b9f  UARTCharGetNonBlocking        
00001c23  UARTCharPut                   
00001bad  UARTCharPutNonBlocking        
00001bbb  UARTCharsAvail                
00001c63  UARTClockSourceSet            
0000170d  UARTConfigSetExpClk           
000019dd  UARTDisable                   
00001af9  UARTEnable                    
00001c2d  UARTFIFOEnable                
00001c69  UARTFIFOLevelSet              
00001c7b  UARTIntClear                  
00001c49  UARTIntEnable                 
00001a89  UARTIntRegister               
00001c37  UARTIntStatus                 
000009e5  UARTStdioConfig               
00000b35  UARTgetc                      
00000a7b  UARTgets                      
00000e57  UARTprintf                    
00000b5d  UARTvprintf                   
00000a2b  UARTwrite                     
20000470  __STACK_END                   
00000200  __STACK_SIZE                  
20000470  __STACK_TOP                   
00001fb0  __TI_CINIT_Base               
00001fc8  __TI_CINIT_Limit              
00001f88  __TI_Handler_Table_Base       
00001f94  __TI_Handler_Table_Limit      
00001755  __TI_auto_init_nobinit_nopinit
000015ad  __TI_decompress_lzss          
00001bc9  __TI_decompress_none          
ffffffff  __TI_pprof_out_hndl           
ffffffff  __TI_prof_data_size           
ffffffff  __TI_prof_data_start          
00000000  __TI_static_base__            
00001a3b  __TI_zero_init_nomemset       
000014d5  __aeabi_d2f                   
00001799  __aeabi_d2uiz                 
00000ff9  __aeabi_ddiv                  
00001249  __aeabi_dmul                  
00001895  __aeabi_f2d                   
0000112f  __aeabi_idiv0                 
0000112f  __aeabi_ldiv0                 
00001439  __aeabi_memcpy                
00001439  __aeabi_memcpy4               
00001439  __aeabi_memcpy8               
000019fd  __aeabi_ui2d                  
0000181d  __aeabi_uidiv                 
0000181d  __aeabi_uidivmod              
ffffffff  __binit__                     
ffffffff  __c_args__                    
UNDEFED   __mpu_init                    
20000270  __stack                       
20000000  __start___llvm_prf_cnts       
20000000  __stop___llvm_prf_cnts        
00001935  _c_int00_noargs               
UNDEFED   _system_post_cinit            
00001c7f  _system_pre_init              
00001c83  abort                         
ffffffff  binit                         
20000000  g_pfnRAMVectors               
00000000  g_pfnVectors                  
20000470  gest                          
0000026d  initPID                       
00000383  main                          
00001439  memcpy                        


GLOBAL SYMBOLS: SORTED BY Symbol Address 

address   name                          
-------   ----                          
00000000  __TI_static_base__            
00000000  g_pfnVectors                  
00000200  __STACK_SIZE                  
0000026d  initPID                       
000002bb  PID                           
00000383  main                          
000003b9  AcquireVelocity_Distance      
00000465  TIMER0_IRQHandler             
0000047f  UART1_Handler_BuleTooth       
000004b3  UART0_Handler                 
000004e7  UART2_Handler                 
000004e9  ConfigureSYS                  
000004f3  ConfigureGPIO                 
000004fd  ConfigureUART2                
00000579  ConfigureUART0                
00000605  ConfigureUART                 
0000063d  ConfigureUART_BuleTooth       
000006d5  ConfigurePWM                  
000007b1  ConfigureTIME0                
0000081d  ConfigureTIME1                
00000891  ConfigureQEI0                 
00000911  ConfigureQEI1                 
000009e5  UARTStdioConfig               
00000a2b  UARTwrite                     
00000a7b  UARTgets                      
00000b35  UARTgetc                      
00000b5d  UARTvprintf                   
00000e57  UARTprintf                    
00000e8d  GPIOPadConfigSet              
00000ff9  __aeabi_ddiv                  
0000112f  __aeabi_idiv0                 
0000112f  __aeabi_ldiv0                 
00001131  SysCtlClockGet                
00001249  __aeabi_dmul                  
00001345  SysCtlClockSet                
00001439  __aeabi_memcpy                
00001439  __aeabi_memcpy4               
00001439  __aeabi_memcpy8               
00001439  memcpy                        
000014d5  __aeabi_d2f                   
00001545  IntEnable                     
000015ad  __TI_decompress_lzss          
00001615  TimerConfigure                
00001675  GPIOPinConfigure              
0000170d  UARTConfigSetExpClk           
00001755  __TI_auto_init_nobinit_nopinit
00001799  __aeabi_d2uiz                 
0000181d  __aeabi_uidiv                 
0000181d  __aeabi_uidivmod              
0000185d  SysCtlPeripheralPresent       
00001895  __aeabi_f2d                   
000018cd  IntRegister                   
00001901  SysCtlPeripheralEnable        
00001935  _c_int00_noargs               
00001969  GPIODirModeSet                
00001995  IntPrioritySet                
000019b9  PWMGenConfigure               
000019dd  UARTDisable                   
000019fd  __aeabi_ui2d                  
00001a1d  PWMPulseWidthSet              
00001a3b  __TI_zero_init_nomemset       
00001a57  GPIOPinTypeGPIOOutput         
00001a71  TimerIntRegister              
00001a89  UARTIntRegister               
00001aa1  GPIOPinTypePWM                
00001ab7  GPIOPinTypeQEI                
00001acd  GPIOPinTypeUART               
00001ae5  SysCtlPWMClockSet             
00001af9  UARTEnable                    
00001b0d  PWMGenPeriodGet               
00001b1f  PWMOutputState                
00001b31  TimerLoadSet                  
00001b43  TimerPrescaleSet              
00001b55  IntMasterEnable               
00001b65  PWMGenPeriodSet               
00001b75  QEIConfigure                  
00001b83  QEIDirectionGet               
00001b91  TimerEnable                   
00001b9f  UARTCharGetNonBlocking        
00001bad  UARTCharPutNonBlocking        
00001bbb  UARTCharsAvail                
00001bc9  __TI_decompress_none          
00001bd7  CPUcpsie                      
00001be3  PWMGenEnable                  
00001bef  ResetISR                      
00001bfb  QEIEnable                     
00001c05  QEIIntDisable                 
00001c0f  TimerIntStatus                
00001c19  UARTCharGet                   
00001c23  UARTCharPut                   
00001c2d  UARTFIFOEnable                
00001c37  UARTIntStatus                 
00001c41  TimerIntEnable                
00001c49  UARTIntEnable                 
00001c51  GPIOPinWrite                  
00001c57  SysCtlDelay                   
00001c5d  TimerClockSourceSet           
00001c63  UARTClockSourceSet            
00001c69  UARTFIFOLevelSet              
00001c6f  QEIPositionGet                
00001c73  QEIPositionSet                
00001c77  TimerIntClear                 
00001c7b  UARTIntClear                  
00001c7f  _system_pre_init              
00001c83  C$$EXIT                       
00001c83  abort                         
00001f88  __TI_Handler_Table_Base       
00001f94  __TI_Handler_Table_Limit      
00001fb0  __TI_CINIT_Base               
00001fc8  __TI_CINIT_Limit              
20000000  __start___llvm_prf_cnts       
20000000  __stop___llvm_prf_cnts        
20000000  g_pfnRAMVectors               
20000270  __stack                       
20000470  __STACK_END                   
20000470  __STACK_TOP                   
20000470  gest                          
ffffffff  __TI_pprof_out_hndl           
ffffffff  __TI_prof_data_size           
ffffffff  __TI_prof_data_start          
ffffffff  __binit__                     
ffffffff  __c_args__                    
ffffffff  binit                         
UNDEFED   __mpu_init                    
UNDEFED   _system_post_cinit            

[125 symbols]
